Archive member included to satisfy reference by file (symbol)

app/libapp.a(stbs.c.obj)      (--whole-archive)
zephyr/libzephyr.a(cbprintf_packaged.c.obj)
                              (--whole-archive)
zephyr/libzephyr.a(dec.c.obj)
                              (--whole-archive)
zephyr/libzephyr.a(hex.c.obj)
                              (--whole-archive)
zephyr/libzephyr.a(printk.c.obj)
                              (--whole-archive)
zephyr/libzephyr.a(rb.c.obj)  (--whole-archive)
zephyr/libzephyr.a(sem.c.obj)
                              (--whole-archive)
zephyr/libzephyr.a(thread_entry.c.obj)
                              (--whole-archive)
zephyr/libzephyr.a(timeutil.c.obj)
                              (--whole-archive)
zephyr/libzephyr.a(heap.c.obj)
                              (--whole-archive)
zephyr/libzephyr.a(heap-validate.c.obj)
                              (--whole-archive)
zephyr/libzephyr.a(bitarray.c.obj)
                              (--whole-archive)
zephyr/libzephyr.a(multi_heap.c.obj)
                              (--whole-archive)
zephyr/libzephyr.a(onoff.c.obj)
                              (--whole-archive)
zephyr/libzephyr.a(notify.c.obj)
                              (--whole-archive)
zephyr/libzephyr.a(cbprintf_complete.c.obj)
                              (--whole-archive)
zephyr/libzephyr.a(assert.c.obj)
                              (--whole-archive)
zephyr/libzephyr.a(mpsc_pbuf.c.obj)
                              (--whole-archive)
zephyr/libzephyr.a(reboot.c.obj)
                              (--whole-archive)
zephyr/libzephyr.a(configs.c.obj)
                              (--whole-archive)
zephyr/libzephyr.a(log_core.c.obj)
                              (--whole-archive)
zephyr/libzephyr.a(log_mgmt.c.obj)
                              (--whole-archive)
zephyr/libzephyr.a(log_cache.c.obj)
                              (--whole-archive)
zephyr/libzephyr.a(log_msg.c.obj)
                              (--whole-archive)
zephyr/libzephyr.a(log_output.c.obj)
                              (--whole-archive)
zephyr/libzephyr.a(log_backend_rtt.c.obj)
                              (--whole-archive)
zephyr/libzephyr.a(log_backend_uart.c.obj)
                              (--whole-archive)
zephyr/libzephyr.a(mem_attr.c.obj)
                              (--whole-archive)
zephyr/libzephyr.a(tracing_none.c.obj)
                              (--whole-archive)
zephyr/libzephyr.a(nrf_cc3xx_platform_abort_zephyr.c.obj)
                              (--whole-archive)
zephyr/libzephyr.a(nrf_cc3xx_platform_mutex_zephyr.c.obj)
                              (--whole-archive)
zephyr/arch/common/libarch__common.a(sw_isr_common.c.obj)
                              (--whole-archive)
zephyr/arch/arch/arm/core/libarch__arm__core.a(fatal.c.obj)
                              (--whole-archive)
zephyr/arch/arch/arm/core/libarch__arm__core.a(nmi.c.obj)
                              (--whole-archive)
zephyr/arch/arch/arm/core/libarch__arm__core.a(nmi_on_reset.S.obj)
                              (--whole-archive)
zephyr/arch/arch/arm/core/libarch__arm__core.a(tls.c.obj)
                              (--whole-archive)
zephyr/arch/arch/arm/core/cortex_m/libarch__arm__core__cortex_m.a(exc_exit.S.obj)
                              (--whole-archive)
zephyr/arch/arch/arm/core/cortex_m/libarch__arm__core__cortex_m.a(fault.c.obj)
                              (--whole-archive)
zephyr/arch/arch/arm/core/cortex_m/libarch__arm__core__cortex_m.a(fault_s.S.obj)
                              (--whole-archive)
zephyr/arch/arch/arm/core/cortex_m/libarch__arm__core__cortex_m.a(fpu.c.obj)
                              (--whole-archive)
zephyr/arch/arch/arm/core/cortex_m/libarch__arm__core__cortex_m.a(reset.S.obj)
                              (--whole-archive)
zephyr/arch/arch/arm/core/cortex_m/libarch__arm__core__cortex_m.a(scb.c.obj)
                              (--whole-archive)
zephyr/arch/arch/arm/core/cortex_m/libarch__arm__core__cortex_m.a(thread_abort.c.obj)
                              (--whole-archive)
zephyr/arch/arch/arm/core/cortex_m/libarch__arm__core__cortex_m.a(vector_table.S.obj)
                              (--whole-archive)
zephyr/arch/arch/arm/core/cortex_m/libarch__arm__core__cortex_m.a(swap.c.obj)
                              (--whole-archive)
zephyr/arch/arch/arm/core/cortex_m/libarch__arm__core__cortex_m.a(swap_helper.S.obj)
                              (--whole-archive)
zephyr/arch/arch/arm/core/cortex_m/libarch__arm__core__cortex_m.a(irq_manage.c.obj)
                              (--whole-archive)
zephyr/arch/arch/arm/core/cortex_m/libarch__arm__core__cortex_m.a(prep_c.c.obj)
                              (--whole-archive)
zephyr/arch/arch/arm/core/cortex_m/libarch__arm__core__cortex_m.a(thread.c.obj)
                              (--whole-archive)
zephyr/arch/arch/arm/core/cortex_m/libarch__arm__core__cortex_m.a(cpu_idle.S.obj)
                              (--whole-archive)
[...]
Memory Configuration

Name             Origin             Length             Attributes
FLASH            0x0000000000000000 0x0000000000100000 xr
RAM              0x0000000020000000 0x0000000000040000 xw
IDT_LIST         0x00000000ffff7fff 0x0000000000008000 xw
*default*        0x0000000000000000 0xffffffffffffffff

Linker script and memory map

                0x000000000000580c                vfprintf = __l_vfprintf
                0x0000000000000000                vfscanf = __l_vfscanf
LOAD zephyr/CMakeFiles/zephyr_final.dir/misc/empty_file.c.obj
LOAD zephyr/CMakeFiles/zephyr_final.dir/isr_tables.c.obj
LOAD zephyr/CMakeFiles/offsets.dir/./arch/arm/core/offsets/offsets.c.obj
LOAD app/libapp.a
LOAD zephyr/libzephyr.a
LOAD zephyr/arch/common/libarch__common.a
LOAD zephyr/arch/arch/arm/core/libarch__arm__core.a
LOAD zephyr/arch/arch/arm/core/cortex_m/libarch__arm__core__cortex_m.a
LOAD zephyr/arch/arch/arm/core/mpu/libarch__arm__core__mpu.a
LOAD zephyr/lib/libc/picolibc/liblib__libc__picolibc.a
LOAD zephyr/lib/libc/common/liblib__libc__common.a
LOAD zephyr/soc/soc/arm/nordic_nrf/libsoc__arm__nordic_nrf.a
LOAD zephyr/drivers/clock_control/libdrivers__clock_control.a
LOAD zephyr/drivers/console/libdrivers__console.a
LOAD zephyr/drivers/gpio/libdrivers__gpio.a
LOAD zephyr/drivers/pinctrl/libdrivers__pinctrl.a
LOAD zephyr/drivers/serial/libdrivers__serial.a
LOAD zephyr/drivers/timer/libdrivers__timer.a
LOAD modules/nrf/lib/fatal_error/lib..__nrf__lib__fatal_error.a
LOAD modules/nrf/drivers/hw_cc3xx/lib..__nrf__drivers__hw_cc3xx.a
LOAD modules/hal_nordic/nrfx/libmodules__hal_nordic__nrfx.a
LOAD modules/segger/libmodules__segger.a
LOAD zephyr/kernel/libkernel.a
LOAD /home/pedro/ncs/toolchains/2be090971e/opt/zephyr-sdk/arm-zephyr-eabi/bin/../lib/gcc/arm-zephyr-eabi/12.2.0/thumb/v7e-m/nofp/libgcc.a
LOAD zephyr/arch/common/libisr_tables.a
LOAD /home/pedro/ncs/v2.6.1/nrfxlib/crypto/nrf_cc310_platform/lib/cortex-m4/soft-float/no-interrupts/libnrf_cc310_platform_0.9.19.a
LOAD /home/pedro/ncs/toolchains/2be090971e/opt/zephyr-sdk/arm-zephyr-eabi/bin/../lib/gcc/../../picolibc/arm-zephyr-eabi/lib/thumb/v7e-m/nofp/libc.a
LOAD /home/pedro/ncs/toolchains/2be090971e/opt/zephyr-sdk/arm-zephyr-eabi/bin/../lib/gcc/arm-zephyr-eabi/12.2.0/thumb/v7e-m/nofp/libgcc.a
                0x0000000000000020                _region_min_align = 0x20

.rel.plt        0x0000000000000000        0x0
 *(SORT_BY_ALIGNMENT(.rel.plt))
                [!provide]                        PROVIDE (__rel_iplt_start = .)
 *(SORT_BY_ALIGNMENT(.rel.iplt))
 .rel.iplt      0x0000000000000000        0x0 zephyr/CMakeFiles/zephyr_final.dir/isr_tables.c.obj
                [!provide]                        PROVIDE (__rel_iplt_end = .)

.rela.plt       0x0000000000000000        0x0
 *(SORT_BY_ALIGNMENT(.rela.plt))
                [!provide]                        PROVIDE (__rela_iplt_start = .)
 *(SORT_BY_ALIGNMENT(.rela.iplt))
                [!provide]                        PROVIDE (__rela_iplt_end = .)

.rel.dyn
 *(SORT_BY_ALIGNMENT(.rel.*))

.rela.dyn
 *(SORT_BY_ALIGNMENT(.rela.*))

/DISCARD/
 *(SORT_BY_ALIGNMENT(.plt))

/DISCARD/
 *(SORT_BY_ALIGNMENT(.iplt))
                0x0000000000000000                __rom_region_start = 0x0

rom_start       0x0000000000000000      0x100
                0x0000000000000000                __rom_start_address = .
 FILL mask 0x00
                0x0000000000000000                . = (. + (0x0 - (. - __rom_start_address)))
                0x0000000000000000                . = ALIGN (0x4)
                0x0000000000000000                . = ALIGN (0x80)
                0x0000000000000000                . = ALIGN (0x100)
                0x0000000000000000                _vector_start = .
 *(SORT_BY_ALIGNMENT(.exc_vector_table))
 *(SORT_BY_ALIGNMENT(.exc_vector_table.*))
 .exc_vector_table._vector_table_section
                0x0000000000000000       0x40 zephyr/arch/arch/arm/core/cortex_m/libarch__arm__core__cortex_m.a(vector_table.S.obj)
                0x0000000000000000                _vector_table
 *(SORT_BY_ALIGNMENT(.vectors))
                0x0000000000000100                _vector_end = .
                0x0000000000000040                . = ALIGN (0x4)
 *(SORT_BY_ALIGNMENT(.gnu.linkonce.irq_vector_table*))
 .gnu.linkonce.irq_vector_table
                0x0000000000000040       0xc0 zephyr/CMakeFiles/zephyr_final.dir/isr_tables.c.obj
                0x0000000000000040                _irq_vector_table
                0x0000000000000100                _vector_end = .

text            0x0000000000000100     0x6f38
                0x0000000000000100                __text_region_start = .
 *(SORT_BY_ALIGNMENT(.text))
 .text          0x0000000000000100       0x10 /home/pedro/ncs/toolchains/2be090971e/opt/zephyr-sdk/arm-zephyr-eabi/bin/../lib/gcc/../../picolibc/arm-zephyr-eabi/lib/thumb/v7e-m/nofp/libc.a(strlen.S.o)
                0x0000000000000100                strlen
 *(SORT_BY_ALIGNMENT(.text.*))
 .text.cbvprintf_package
                0x0000000000000110      0x3a4 zephyr/libzephyr.a(cbprintf_packaged.c.obj)
                0x0000000000000110                cbvprintf_package
 .text.cbprintf_package_convert
                0x00000000000004b4      0x3b0 zephyr/libzephyr.a(cbprintf_packaged.c.obj)
                0x00000000000004b4                cbprintf_package_convert
 .text.__printk_hook_install
                0x0000000000000864        0xc zephyr/libzephyr.a(printk.c.obj)
                0x0000000000000864                __printk_hook_install
 .text.z_thread_entry
                0x0000000000000870       0x34 zephyr/libzephyr.a(thread_entry.c.obj)
                0x0000000000000870                z_thread_entry
 .text.process_event
                0x00000000000008a4      0x21c zephyr/libzephyr.a(onoff.c.obj)
 .text.sys_reboot
                0x0000000000000ac0       0x30 zephyr/libzephyr.a(reboot.c.obj)
                0x0000000000000ac0                sys_reboot
 .text.activate_foreach_backend
                0x0000000000000af0       0x64 zephyr/libzephyr.a(log_core.c.obj)
 .text.enable_logger
                0x0000000000000b54       0x5c zephyr/libzephyr.a(log_core.c.obj)
 .text.log_process_thread_timer_expiry_fn
                0x0000000000000bb0        0xc zephyr/libzephyr.a(log_core.c.obj)
 .text.z_log_init
                0x0000000000000bbc       0x90 zephyr/libzephyr.a(log_core.c.obj)
 .text.log_format_func_t_get
                0x0000000000000c4c        0xc zephyr/libzephyr.a(log_core.c.obj)
                0x0000000000000c4c                log_format_func_t_get
 .text.log_set_timestamp_func
                0x0000000000000c58       0x20 zephyr/libzephyr.a(log_core.c.obj)
                0x0000000000000c58                log_set_timestamp_func
 .text.z_log_notify_backend_enabled
                0x0000000000000c78       0x1c zephyr/libzephyr.a(log_core.c.obj)
                0x0000000000000c78                z_log_notify_backend_enabled
 .text.z_log_dropped
                0x0000000000000c94       0x30 zephyr/libzephyr.a(log_core.c.obj)
                0x0000000000000c94                z_log_dropped
 .text.z_log_dropped_read_and_clear
                0x0000000000000cc4       0x20 zephyr/libzephyr.a(log_core.c.obj)
                0x0000000000000cc4                z_log_dropped_read_and_clear
 .text.dropped_notify
                0x0000000000000ce4       0x30 zephyr/libzephyr.a(log_core.c.obj)
                0x0000000000000ce4                dropped_notify
 .text.z_log_msg_init
                0x0000000000000d14       0x20 zephyr/libzephyr.a(log_core.c.obj)
                0x0000000000000d14                z_log_msg_init
 .text.log_core_init
                0x0000000000000d34       0x34 zephyr/libzephyr.a(log_core.c.obj)
                0x0000000000000d34                log_core_init
 .text.z_log_msg_alloc
                0x0000000000000d68       0x10 zephyr/libzephyr.a(log_core.c.obj)
                0x0000000000000d68                z_log_msg_alloc
 .text.z_log_msg_local_claim
                0x0000000000000d78        0xc zephyr/libzephyr.a(log_core.c.obj)
                0x0000000000000d78                z_log_msg_local_claim
 .text.z_log_msg_free
                0x0000000000000d84       0x10 zephyr/libzephyr.a(log_core.c.obj)
                0x0000000000000d84                z_log_msg_free
 .text.z_log_msg_pending
                0x0000000000000d94        0xc zephyr/libzephyr.a(log_core.c.obj)
                0x0000000000000d94                z_log_msg_pending
 .text.z_impl_log_process
                0x0000000000000da0       0xbc zephyr/libzephyr.a(log_core.c.obj)
                0x0000000000000da0                z_impl_log_process
 .text.z_impl_log_panic
                0x0000000000000e5c       0x44 zephyr/libzephyr.a(log_core.c.obj)
                0x0000000000000e5c                z_impl_log_panic
 .text.log_process_thread_func
                0x0000000000000ea0       0xa4 zephyr/libzephyr.a(log_core.c.obj)
 .text.z_log_msg_post_finalize
                0x0000000000000f44       0x78 zephyr/libzephyr.a(log_core.c.obj)
 .text.z_log_msg_commit
                0x0000000000000fbc       0x24 zephyr/libzephyr.a(log_core.c.obj)
                0x0000000000000fbc                z_log_msg_commit
 .text.log_source_name_get
                0x0000000000000fe0       0x1c zephyr/libzephyr.a(log_mgmt.c.obj)
                0x0000000000000fe0                log_source_name_get
 .text.log_backend_enable
                0x0000000000000ffc       0x28 zephyr/libzephyr.a(log_mgmt.c.obj)
                0x0000000000000ffc                log_backend_enable
 .text.z_impl_z_log_msg_static_create
                0x0000000000001024      0x108 zephyr/libzephyr.a(log_msg.c.obj)
                0x0000000000001024                z_impl_z_log_msg_static_create
 .text.z_log_msg_runtime_vcreate
                0x000000000000112c       0x8c zephyr/libzephyr.a(log_msg.c.obj)
                0x000000000000112c                z_log_msg_runtime_vcreate
 .text.print_formatted
                0x00000000000011b8       0x24 zephyr/libzephyr.a(log_output.c.obj)
 .text.newline_print
                0x00000000000011dc       0x1c zephyr/libzephyr.a(log_output.c.obj)
 .text.log_output_process
                0x00000000000011f8      0x2a4 zephyr/libzephyr.a(log_output.c.obj)
                0x00000000000011f8                log_output_process
 .text.log_output_msg_process
                0x000000000000149c       0x70 zephyr/libzephyr.a(log_output.c.obj)
                0x000000000000149c                log_output_msg_process
 .text.log_output_dropped_process
                0x000000000000150c       0x58 zephyr/libzephyr.a(log_output.c.obj)
                0x000000000000150c                log_output_dropped_process
 .text.log_output_timestamp_freq_set
                0x0000000000001564       0x2c zephyr/libzephyr.a(log_output.c.obj)
                0x0000000000001564                log_output_timestamp_freq_set
 .text.log_backend_rtt_init
                0x0000000000001590        0xc zephyr/libzephyr.a(log_backend_rtt.c.obj)
 .text.format_set
                0x000000000000159c        0xc zephyr/libzephyr.a(log_backend_rtt.c.obj)
 .text.panic    0x00000000000015a8       0x14 zephyr/libzephyr.a(log_backend_rtt.c.obj)
 .text.dropped  0x00000000000015bc        0xc zephyr/libzephyr.a(log_backend_rtt.c.obj)
 .text.process  0x00000000000015c8       0x24 zephyr/libzephyr.a(log_backend_rtt.c.obj)
 .text.on_failed_write
                0x00000000000015ec       0x28 zephyr/libzephyr.a(log_backend_rtt.c.obj)
 .text.data_out_block_mode
                0x0000000000001614       0x84 zephyr/libzephyr.a(log_backend_rtt.c.obj)
 .text.char_out
                0x0000000000001698       0x24 zephyr/libzephyr.a(log_backend_uart.c.obj)
 .text.mem_attr_get_regions
                0x00000000000016bc        0xc zephyr/libzephyr.a(mem_attr.c.obj)
                0x00000000000016bc                mem_attr_get_regions
 .text.nrf_cc3xx_platform_abort_init
                0x00000000000016c8        0xc zephyr/libzephyr.a(nrf_cc3xx_platform_abort_zephyr.c.obj)
                0x00000000000016c8                nrf_cc3xx_platform_abort_init
 .text.mutex_free_platform
                0x00000000000016d4       0x54 zephyr/libzephyr.a(nrf_cc3xx_platform_mutex_zephyr.c.obj)
 .text.mutex_lock_platform
                0x0000000000001728       0x60 zephyr/libzephyr.a(nrf_cc3xx_platform_mutex_zephyr.c.obj)
 .text.mutex_unlock_platform
                0x0000000000001788       0x58 zephyr/libzephyr.a(nrf_cc3xx_platform_mutex_zephyr.c.obj)
 .text.mutex_init_platform
                0x00000000000017e0       0x94 zephyr/libzephyr.a(nrf_cc3xx_platform_mutex_zephyr.c.obj)
 .text.nrf_cc3xx_platform_mutex_init
                0x0000000000001874       0x2c zephyr/libzephyr.a(nrf_cc3xx_platform_mutex_zephyr.c.obj)
                0x0000000000001874                nrf_cc3xx_platform_mutex_init
 .text.z_arm_fatal_error
                0x00000000000018a0       0xa0 zephyr/arch/arch/arm/core/libarch__arm__core.a(fatal.c.obj)
                0x00000000000018a0                z_arm_fatal_error
 .text.z_SysNmiOnReset
                0x0000000000001940        0x8 zephyr/arch/arch/arm/core/libarch__arm__core.a(nmi_on_reset.S.obj)
                0x0000000000001940                z_SysNmiOnReset
 .text.arch_tls_stack_setup
                0x0000000000001948       0x5c zephyr/arch/arch/arm/core/libarch__arm__core.a(tls.c.obj)
                0x0000000000001948                arch_tls_stack_setup
 .text._HandlerModeExit
                0x00000000000019a4       0x1c zephyr/arch/arch/arm/core/cortex_m/libarch__arm__core__cortex_m.a(exc_exit.S.obj)
                0x00000000000019a4                z_arm_exc_exit
                0x00000000000019a4                z_arm_int_exit
 .text.bus_fault.constprop.0
                0x00000000000019c0       0xd0 zephyr/arch/arch/arm/core/cortex_m/libarch__arm__core__cortex_m.a(fault.c.obj)
 .text.usage_fault.constprop.0
                0x0000000000001a90       0xa8 zephyr/arch/arch/arm/core/cortex_m/libarch__arm__core__cortex_m.a(fault.c.obj)
 .text.mem_manage_fault
                0x0000000000001b38      0x104 zephyr/arch/arch/arm/core/cortex_m/libarch__arm__core__cortex_m.a(fault.c.obj)
 .text.z_arm_fault
                0x0000000000001c3c      0x1d4 zephyr/arch/arch/arm/core/cortex_m/libarch__arm__core__cortex_m.a(fault.c.obj)
                0x0000000000001c3c                z_arm_fault
 .text.z_arm_fault_init
                0x0000000000001e10       0x10 zephyr/arch/arch/arm/core/cortex_m/libarch__arm__core__cortex_m.a(fault.c.obj)
                0x0000000000001e10                z_arm_fault_init
 .text.__fault  0x0000000000001e20       0x14 zephyr/arch/arch/arm/core/cortex_m/libarch__arm__core__cortex_m.a(fault_s.S.obj)
                0x0000000000001e20                z_arm_bus_fault
                0x0000000000001e20                z_arm_usage_fault
                0x0000000000001e20                z_arm_mpu_fault
                0x0000000000001e20                z_arm_exc_spurious
                0x0000000000001e20                z_arm_debug_monitor
                0x0000000000001e20                z_arm_hard_fault
 .text._reset_section
                0x0000000000001e34       0x54 zephyr/arch/arch/arm/core/cortex_m/libarch__arm__core__cortex_m.a(reset.S.obj)
                0x0000000000001e34                z_arm_reset
                0x0000000000001e34                __start
 .text.sys_arch_reboot
                0x0000000000001e88       0x24 zephyr/arch/arch/arm/core/cortex_m/libarch__arm__core__cortex_m.a(scb.c.obj)
                0x0000000000001e88                sys_arch_reboot
 .text.z_arm_clear_arm_mpu_config
                0x0000000000001eac       0x24 zephyr/arch/arch/arm/core/cortex_m/libarch__arm__core__cortex_m.a(scb.c.obj)
                0x0000000000001eac                z_arm_clear_arm_mpu_config
 .text.z_arm_init_arch_hw_at_boot
                0x0000000000001ed0       0x64 zephyr/arch/arch/arm/core/cortex_m/libarch__arm__core__cortex_m.a(scb.c.obj)
                0x0000000000001ed0                z_arm_init_arch_hw_at_boot
 .text.z_impl_k_thread_abort
                0x0000000000001f34       0x2c zephyr/arch/arch/arm/core/cortex_m/libarch__arm__core__cortex_m.a(thread_abort.c.obj)
                0x0000000000001f34                z_impl_k_thread_abort
 .text.arch_swap
                0x0000000000001f60       0x30 zephyr/arch/arch/arm/core/cortex_m/libarch__arm__core__cortex_m.a(swap.c.obj)
                0x0000000000001f60                arch_swap
 .text.z_arm_pendsv
                0x0000000000001f90       0x64 zephyr/arch/arch/arm/core/cortex_m/libarch__arm__core__cortex_m.a(swap_helper.S.obj)
                0x0000000000001f90                z_arm_pendsv
 .text.z_arm_svc
                0x0000000000001ff4       0x20 zephyr/arch/arch/arm/core/cortex_m/libarch__arm__core__cortex_m.a(swap_helper.S.obj)
                0x0000000000001ff4                z_arm_svc
 .text.arch_irq_enable
                0x0000000000002014       0x1c zephyr/arch/arch/arm/core/cortex_m/libarch__arm__core__cortex_m.a(irq_manage.c.obj)
                0x0000000000002014                arch_irq_enable
 .text.arch_irq_disable
                0x0000000000002030       0x28 zephyr/arch/arch/arm/core/cortex_m/libarch__arm__core__cortex_m.a(irq_manage.c.obj)
                0x0000000000002030                arch_irq_disable
 .text.arch_irq_is_enabled
                0x0000000000002058       0x1c zephyr/arch/arch/arm/core/cortex_m/libarch__arm__core__cortex_m.a(irq_manage.c.obj)
                0x0000000000002058                arch_irq_is_enabled
 .text.z_arm_irq_priority_set
                0x0000000000002074       0x30 zephyr/arch/arch/arm/core/cortex_m/libarch__arm__core__cortex_m.a(irq_manage.c.obj)
                0x0000000000002074                z_arm_irq_priority_set
 .text.z_arm_prep_c
                0x00000000000020a4       0x38 zephyr/arch/arch/arm/core/cortex_m/libarch__arm__core__cortex_m.a(prep_c.c.obj)
                0x00000000000020a4                z_arm_prep_c
 .text.arch_new_thread
                0x00000000000020dc       0x38 zephyr/arch/arch/arm/core/cortex_m/libarch__arm__core__cortex_m.a(thread.c.obj)
                0x00000000000020dc                arch_new_thread
 .text.z_check_thread_stack_fail
                0x0000000000002114       0x2c zephyr/arch/arch/arm/core/cortex_m/libarch__arm__core__cortex_m.a(thread.c.obj)
                0x0000000000002114                z_check_thread_stack_fail
 .text.arch_switch_to_main_thread
                0x0000000000002140       0x38 zephyr/arch/arch/arm/core/cortex_m/libarch__arm__core__cortex_m.a(thread.c.obj)
                0x0000000000002140                arch_switch_to_main_thread
 .text.z_arm_cpu_idle_init
                0x0000000000002178        0xc zephyr/arch/arch/arm/core/cortex_m/libarch__arm__core__cortex_m.a(cpu_idle.S.obj)
                0x0000000000002178                z_arm_cpu_idle_init
 .text.arch_cpu_idle
                0x0000000000002184       0x1c zephyr/arch/arch/arm/core/cortex_m/libarch__arm__core__cortex_m.a(cpu_idle.S.obj)
                0x0000000000002184                arch_cpu_idle
 .text.arch_cpu_atomic_idle
                0x00000000000021a0       0x18 zephyr/arch/arch/arm/core/cortex_m/libarch__arm__core__cortex_m.a(cpu_idle.S.obj)
                0x00000000000021a0                arch_cpu_atomic_idle
 .text.z_arm_interrupt_init
                0x00000000000021b8       0x18 zephyr/arch/arch/arm/core/cortex_m/libarch__arm__core__cortex_m.a(irq_init.c.obj)
                0x00000000000021b8                z_arm_interrupt_init
 .text._isr_wrapper
                0x00000000000021d0       0x28 zephyr/arch/arch/arm/core/cortex_m/libarch__arm__core__cortex_m.a(isr_wrapper.S.obj)
                0x00000000000021d0                _isr_wrapper
 .text.z_arm_configure_static_mpu_regions
                0x00000000000021f8       0x18 zephyr/arch/arch/arm/core/mpu/libarch__arm__core__mpu.a(arm_core_mpu.c.obj)
                0x00000000000021f8                z_arm_configure_static_mpu_regions
 .text.z_arm_configure_dynamic_mpu_regions
                0x0000000000002210       0x20 zephyr/arch/arch/arm/core/mpu/libarch__arm__core__mpu.a(arm_core_mpu.c.obj)
                0x0000000000002210                z_arm_configure_dynamic_mpu_regions
 .text.region_allocate_and_init
                0x0000000000002230       0x48 zephyr/arch/arch/arm/core/mpu/libarch__arm__core__mpu.a(arm_mpu.c.obj)
 .text.mpu_configure_regions
                0x0000000000002278       0x68 zephyr/arch/arch/arm/core/mpu/libarch__arm__core__mpu.a(arm_mpu.c.obj)
 .text.arm_core_mpu_enable
                0x00000000000022e0       0x18 zephyr/arch/arch/arm/core/mpu/libarch__arm__core__mpu.a(arm_mpu.c.obj)
                0x00000000000022e0                arm_core_mpu_enable
 .text.arm_core_mpu_disable
                0x00000000000022f8       0x14 zephyr/arch/arch/arm/core/mpu/libarch__arm__core__mpu.a(arm_mpu.c.obj)
                0x00000000000022f8                arm_core_mpu_disable
 .text.arm_core_mpu_configure_static_mpu_regions
                0x000000000000230c       0x14 zephyr/arch/arch/arm/core/mpu/libarch__arm__core__mpu.a(arm_mpu.c.obj)
                0x000000000000230c                arm_core_mpu_configure_static_mpu_regions
 .text.arm_core_mpu_configure_dynamic_mpu_regions
                0x0000000000002320       0x30 zephyr/arch/arch/arm/core/mpu/libarch__arm__core__mpu.a(arm_mpu.c.obj)
                0x0000000000002320                arm_core_mpu_configure_dynamic_mpu_regions
 .text.z_arm_mpu_init
                0x0000000000002350      0x158 zephyr/arch/arch/arm/core/mpu/libarch__arm__core__mpu.a(arm_mpu.c.obj)
                0x0000000000002350                z_arm_mpu_init
 .text.z_impl_zephyr_fputc
                0x00000000000024a8       0x10 zephyr/lib/libc/picolibc/liblib__libc__picolibc.a(libc-hooks.c.obj)
                0x00000000000024a8                z_impl_zephyr_fputc
 .text.__stdout_hook_install
                0x00000000000024b8       0x18 zephyr/lib/libc/picolibc/liblib__libc__picolibc.a(libc-hooks.c.obj)
                0x00000000000024b8                __stdout_hook_install
 .text.cbvprintf
                0x00000000000024d0       0x38 zephyr/lib/libc/picolibc/liblib__libc__picolibc.a(libc-hooks.c.obj)
                0x00000000000024d0                cbvprintf
 .text.malloc_prepare
                0x0000000000002508       0x24 zephyr/lib/libc/common/liblib__libc__common.a(malloc.c.obj)
 .text.nordicsemi_nrf52_init
                0x000000000000252c       0x44 zephyr/soc/soc/arm/nordic_nrf/libsoc__arm__nordic_nrf.a(soc.c.obj)
 .text.arch_busy_wait
                0x0000000000002570       0x14 zephyr/soc/soc/arm/nordic_nrf/libsoc__arm__nordic_nrf.a(soc.c.obj)
                0x0000000000002570                arch_busy_wait
 .text.z_arm_platform_init
                0x0000000000002584        0x4 zephyr/soc/soc/arm/nordic_nrf/libsoc__arm__nordic_nrf.a(soc_nrf_common.S.obj)
                0x0000000000002584                z_arm_platform_init
 .text.onoff_stop
                0x0000000000002588       0x30 zephyr/drivers/clock_control/libdrivers__clock_control.a(clock_control_nrf.c.obj)
 .text.onoff_start
                0x00000000000025b8       0x44 zephyr/drivers/clock_control/libdrivers__clock_control.a(clock_control_nrf.c.obj)
 .text.clk_init
                0x00000000000025fc       0x58 zephyr/drivers/clock_control/libdrivers__clock_control.a(clock_control_nrf.c.obj)
 .text.clkstarted_handle.constprop.0
                0x0000000000002654       0x34 zephyr/drivers/clock_control/libdrivers__clock_control.a(clock_control_nrf.c.obj)
 .text.clock_event_handler
                0x0000000000002688       0x1c zephyr/drivers/clock_control/libdrivers__clock_control.a(clock_control_nrf.c.obj)
 .text.generic_hfclk_start
                0x00000000000026a4       0x64 zephyr/drivers/clock_control/libdrivers__clock_control.a(clock_control_nrf.c.obj)
 .text.api_blocking_start
                0x0000000000002708       0x34 zephyr/drivers/clock_control/libdrivers__clock_control.a(clock_control_nrf.c.obj)
 .text.generic_hfclk_stop
                0x000000000000273c       0x34 zephyr/drivers/clock_control/libdrivers__clock_control.a(clock_control_nrf.c.obj)
 .text.z_nrf_clock_control_lf_on
                0x0000000000002770       0xfc zephyr/drivers/clock_control/libdrivers__clock_control.a(clock_control_nrf.c.obj)
                0x0000000000002770                z_nrf_clock_control_lf_on
 .text.uart_console_init
                0x000000000000286c       0x28 zephyr/drivers/console/libdrivers__console.a(uart_console.c.obj)
 .text.console_out
                0x0000000000002894       0x28 zephyr/drivers/console/libdrivers__console.a(uart_console.c.obj)
 .text.gpio_nrfx_pin_interrupt_configure
                0x00000000000028bc      0x100 zephyr/drivers/gpio/libdrivers__gpio.a(gpio_nrfx.c.obj)
 .text.gpio_nrfx_init
                0x00000000000029bc       0x48 zephyr/drivers/gpio/libdrivers__gpio.a(gpio_nrfx.c.obj)
 .text.nrfx_gpio_handler
                0x0000000000002a04       0x4c zephyr/drivers/gpio/libdrivers__gpio.a(gpio_nrfx.c.obj)
 .text.gpio_nrfx_pin_configure
                0x0000000000002a50      0x18c zephyr/drivers/gpio/libdrivers__gpio.a(gpio_nrfx.c.obj)
 .text.nrf_gpio_pin_port_decode
                0x0000000000002bdc       0x20 zephyr/drivers/pinctrl/libdrivers__pinctrl.a(pinctrl_nrf.c.obj)
 .text.pinctrl_configure_pins
                0x0000000000002bfc      0x1a4 zephyr/drivers/pinctrl/libdrivers__pinctrl.a(pinctrl_nrf.c.obj)
                0x0000000000002bfc                pinctrl_configure_pins
 .text.uarte_0_init
                0x0000000000002da0      0x258 zephyr/drivers/serial/libdrivers__serial.a(uart_nrfx_uarte.c.obj)
 .text.uarte_nrfx_poll_out
                0x0000000000002ff8       0xcc zephyr/drivers/serial/libdrivers__serial.a(uart_nrfx_uarte.c.obj)
 .text.compare_int_lock
                0x00000000000030c4       0x48 zephyr/drivers/timer/libdrivers__timer.a(nrf_rtc_timer.c.obj)
 .text.sys_clock_timeout_handler
                0x000000000000310c       0x48 zephyr/drivers/timer/libdrivers__timer.a(nrf_rtc_timer.c.obj)
 .text.compare_int_unlock
                0x0000000000003154       0x5c zephyr/drivers/timer/libdrivers__timer.a(nrf_rtc_timer.c.obj)
 .text.z_nrf_rtc_timer_read
                0x00000000000031b0       0x44 zephyr/drivers/timer/libdrivers__timer.a(nrf_rtc_timer.c.obj)
                0x00000000000031b0                z_nrf_rtc_timer_read
 .text.compare_set
                0x00000000000031f4      0x130 zephyr/drivers/timer/libdrivers__timer.a(nrf_rtc_timer.c.obj)
 .text.sys_clock_driver_init
                0x0000000000003324       0x90 zephyr/drivers/timer/libdrivers__timer.a(nrf_rtc_timer.c.obj)
 .text.rtc_nrf_isr
                0x00000000000033b4       0xd4 zephyr/drivers/timer/libdrivers__timer.a(nrf_rtc_timer.c.obj)
                0x00000000000033b4                rtc_nrf_isr
 .text.sys_clock_set_timeout
                0x0000000000003488       0x5c zephyr/drivers/timer/libdrivers__timer.a(nrf_rtc_timer.c.obj)
                0x0000000000003488                sys_clock_set_timeout
 .text.sys_clock_elapsed
                0x00000000000034e4       0x14 zephyr/drivers/timer/libdrivers__timer.a(nrf_rtc_timer.c.obj)
                0x00000000000034e4                sys_clock_elapsed
 .text.sys_clock_disable
                0x00000000000034f8       0x30 zephyr/drivers/timer/libdrivers__timer.a(nrf_rtc_timer.c.obj)
                0x00000000000034f8                sys_clock_disable
 .text.k_sys_fatal_error_handler
                0x0000000000003528       0x20 modules/nrf/lib/fatal_error/lib..__nrf__lib__fatal_error.a(fatal_error.c.obj)
                0x0000000000003528                k_sys_fatal_error_handler
 .text.nrf52_errata_98
                0x0000000000003548       0x24 modules/hal_nordic/nrfx/libmodules__hal_nordic__nrfx.a(system_nrf52840.c.obj)
 .text.nvmc_wait
                0x000000000000356c       0x10 modules/hal_nordic/nrfx/libmodules__hal_nordic__nrfx.a(system_nrf52840.c.obj)
                0x000000000000356c                nvmc_wait
 .text.SystemInit
                0x000000000000357c      0x1bc modules/hal_nordic/nrfx/libmodules__hal_nordic__nrfx.a(system_nrf52840.c.obj)
                0x000000000000357c                SystemInit
 .text.nrfx_flag32_alloc
                0x0000000000003738       0x48 modules/hal_nordic/nrfx/libmodules__hal_nordic__nrfx.a(nrfx_flag32_allocator.c.obj)
                0x0000000000003738                nrfx_flag32_alloc
 .text.nrfx_flag32_free
                0x0000000000003780       0x40 modules/hal_nordic/nrfx/libmodules__hal_nordic__nrfx.a(nrfx_flag32_allocator.c.obj)
                0x0000000000003780                nrfx_flag32_free
 .text.nrfx_gppi_channels_enable
                0x00000000000037c0        0xc modules/hal_nordic/nrfx/libmodules__hal_nordic__nrfx.a(nrfx_gppi_ppi.c.obj)
                0x00000000000037c0                nrfx_gppi_channels_enable
 .text.clock_stop
                0x00000000000037cc       0xc4 modules/hal_nordic/nrfx/libmodules__hal_nordic__nrfx.a(nrfx_clock.c.obj)
 .text.nrfx_clock_init
                0x0000000000003890       0x20 modules/hal_nordic/nrfx/libmodules__hal_nordic__nrfx.a(nrfx_clock.c.obj)
                0x0000000000003890                nrfx_clock_init
 .text.nrfx_clock_enable
                0x00000000000038b0       0x24 modules/hal_nordic/nrfx/libmodules__hal_nordic__nrfx.a(nrfx_clock.c.obj)
                0x00000000000038b0                nrfx_clock_enable
 .text.nrfx_clock_start
                0x00000000000038d4       0xa8 modules/hal_nordic/nrfx/libmodules__hal_nordic__nrfx.a(nrfx_clock.c.obj)
                0x00000000000038d4                nrfx_clock_start
 .text.nrfx_power_clock_irq_handler
                0x000000000000397c       0x68 modules/hal_nordic/nrfx/libmodules__hal_nordic__nrfx.a(nrfx_clock.c.obj)
                0x000000000000397c                nrfx_power_clock_irq_handler
 .text.nrf_gpio_pin_port_decode
                0x00000000000039e4       0x20 modules/hal_nordic/nrfx/libmodules__hal_nordic__nrfx.a(nrfx_gpiote.c.obj)
 .text.get_pin_idx
                0x0000000000003a04       0x14 modules/hal_nordic/nrfx/libmodules__hal_nordic__nrfx.a(nrfx_gpiote.c.obj)
 .text.call_handler.constprop.0
                0x0000000000003a18       0x40 modules/hal_nordic/nrfx/libmodules__hal_nordic__nrfx.a(nrfx_gpiote.c.obj)
 .text.pin_te_get.constprop.0
                0x0000000000003a58       0x18 modules/hal_nordic/nrfx/libmodules__hal_nordic__nrfx.a(nrfx_gpiote.c.obj)
 .text.pin_is_output.constprop.0
                0x0000000000003a70       0x18 modules/hal_nordic/nrfx/libmodules__hal_nordic__nrfx.a(nrfx_gpiote.c.obj)
 .text.pin_in_use_by_te.constprop.0
                0x0000000000003a88       0x18 modules/hal_nordic/nrfx/libmodules__hal_nordic__nrfx.a(nrfx_gpiote.c.obj)
 .text.latch_pending_read_and_check
                0x0000000000003aa0       0x40 modules/hal_nordic/nrfx/libmodules__hal_nordic__nrfx.a(nrfx_gpiote.c.obj)
 .text.release_handler.isra.0
                0x0000000000003ae0       0x58 modules/hal_nordic/nrfx/libmodules__hal_nordic__nrfx.a(nrfx_gpiote.c.obj)
 .text.__nrfy_internal_gpiote_events_process.constprop.0
                0x0000000000003b38       0x5c modules/hal_nordic/nrfx/libmodules__hal_nordic__nrfx.a(nrfx_gpiote.c.obj)
 .text.pin_uninit
                0x0000000000003b94       0x80 modules/hal_nordic/nrfx/libmodules__hal_nordic__nrfx.a(nrfx_gpiote.c.obj)
 .text.nrfx_gpiote_input_configure
                0x0000000000003c14      0x174 modules/hal_nordic/nrfx/libmodules__hal_nordic__nrfx.a(nrfx_gpiote.c.obj)
                0x0000000000003c14                nrfx_gpiote_input_configure
 .text.nrfx_gpiote_output_configure
                0x0000000000003d88       0xfc modules/hal_nordic/nrfx/libmodules__hal_nordic__nrfx.a(nrfx_gpiote.c.obj)
                0x0000000000003d88                nrfx_gpiote_output_configure
 .text.nrfx_gpiote_global_callback_set
                0x0000000000003e84        0xc modules/hal_nordic/nrfx/libmodules__hal_nordic__nrfx.a(nrfx_gpiote.c.obj)
                0x0000000000003e84                nrfx_gpiote_global_callback_set
 .text.nrfx_gpiote_channel_get
                0x0000000000003e90       0x34 modules/hal_nordic/nrfx/libmodules__hal_nordic__nrfx.a(nrfx_gpiote.c.obj)
                0x0000000000003e90                nrfx_gpiote_channel_get
 .text.nrfx_gpiote_init
                0x0000000000003ec4       0x70 modules/hal_nordic/nrfx/libmodules__hal_nordic__nrfx.a(nrfx_gpiote.c.obj)
                0x0000000000003ec4                nrfx_gpiote_init
 .text.nrfx_gpiote_init_check
                0x0000000000003f34       0x14 modules/hal_nordic/nrfx/libmodules__hal_nordic__nrfx.a(nrfx_gpiote.c.obj)
                0x0000000000003f34                nrfx_gpiote_init_check
 .text.nrfx_gpiote_channel_free
                0x0000000000003f48        0xc modules/hal_nordic/nrfx/libmodules__hal_nordic__nrfx.a(nrfx_gpiote.c.obj)
                0x0000000000003f48                nrfx_gpiote_channel_free
 .text.nrfx_gpiote_channel_alloc
                0x0000000000003f54        0xc modules/hal_nordic/nrfx/libmodules__hal_nordic__nrfx.a(nrfx_gpiote.c.obj)
                0x0000000000003f54                nrfx_gpiote_channel_alloc
 .text.nrfx_gpiote_trigger_enable
                0x0000000000003f60       0x9c modules/hal_nordic/nrfx/libmodules__hal_nordic__nrfx.a(nrfx_gpiote.c.obj)
                0x0000000000003f60                nrfx_gpiote_trigger_enable
 .text.nrfx_gpiote_0_irq_handler
                0x0000000000003ffc      0x1bc modules/hal_nordic/nrfx/libmodules__hal_nordic__nrfx.a(nrfx_gpiote.c.obj)
                0x0000000000003ffc                nrfx_gpiote_0_irq_handler
 .text.nrfx_ppi_channel_alloc
                0x00000000000041b8        0xc modules/hal_nordic/nrfx/libmodules__hal_nordic__nrfx.a(nrfx_ppi.c.obj)
                0x00000000000041b8                nrfx_ppi_channel_alloc
 .text._DoInit  0x00000000000041c4       0x60 modules/segger/libmodules__segger.a(SEGGER_RTT.c.obj)
 .text.SEGGER_RTT_WriteSkipNoLock
                0x0000000000004224       0x88 modules/segger/libmodules__segger.a(SEGGER_RTT.c.obj)
                0x0000000000004224                SEGGER_RTT_WriteSkipNoLock
 .text.SEGGER_RTT_HasDataUp
                0x00000000000042ac       0x14 modules/segger/libmodules__segger.a(SEGGER_RTT.c.obj)
                0x00000000000042ac                SEGGER_RTT_HasDataUp
 .text.zephyr_rtt_mutex_lock
                0x00000000000042c0       0x14 modules/segger/libmodules__segger.a(SEGGER_RTT_zephyr.c.obj)
                0x00000000000042c0                zephyr_rtt_mutex_lock
 .text.zephyr_rtt_mutex_unlock
                0x00000000000042d4        0xc modules/segger/libmodules__segger.a(SEGGER_RTT_zephyr.c.obj)
                0x00000000000042d4                zephyr_rtt_mutex_unlock
 .text.z_fatal_error
                0x00000000000042e0       0xe8 zephyr/kernel/libkernel.a(fatal.c.obj)
                0x00000000000042e0                z_fatal_error
 .text.z_sys_init_run_level
                0x00000000000043c8       0x48 zephyr/kernel/libkernel.a(init.c.obj)
 .text.bg_thread_main
                0x0000000000004410       0x34 zephyr/kernel/libkernel.a(init.c.obj)
 .text.z_bss_zero
                0x0000000000004444       0x18 zephyr/kernel/libkernel.a(init.c.obj)
                0x0000000000004444                z_bss_zero
 .text.z_init_cpu
                0x000000000000445c       0x8c zephyr/kernel/libkernel.a(init.c.obj)
                0x000000000000445c                z_init_cpu
 .text.z_cstart
                0x00000000000044e8       0xe0 zephyr/kernel/libkernel.a(init.c.obj)
                0x00000000000044e8                z_cstart
 .text.init_mem_slab_obj_core_list
                0x00000000000045c8       0x24 zephyr/kernel/libkernel.a(mem_slab.c.obj)
 .text.k_mem_slab_alloc
                0x00000000000045ec       0x5c zephyr/kernel/libkernel.a(mem_slab.c.obj)
                0x00000000000045ec                k_mem_slab_alloc
 .text.z_setup_new_thread
                0x0000000000004648       0x80 zephyr/kernel/libkernel.a(thread.c.obj)
                0x0000000000004648                z_setup_new_thread
 .text.z_impl_k_thread_create
                0x00000000000046c8       0x58 zephyr/kernel/libkernel.a(thread.c.obj)
                0x00000000000046c8                z_impl_k_thread_create
 .text.z_init_static_threads
                0x0000000000004720       0x98 zephyr/kernel/libkernel.a(thread.c.obj)
                0x0000000000004720                z_init_static_threads
 .text.z_impl_k_mutex_unlock
                0x00000000000047b8       0x78 zephyr/kernel/libkernel.a(mutex.c.obj)
                0x00000000000047b8                z_impl_k_mutex_unlock
 .text.z_impl_k_mutex_lock
                0x0000000000004830       0xf4 zephyr/kernel/libkernel.a(mutex.c.obj)
                0x0000000000004830                z_impl_k_mutex_lock
 .text.z_impl_k_sem_give
                0x0000000000004924       0x48 zephyr/kernel/libkernel.a(sem.c.obj)
                0x0000000000004924                z_impl_k_sem_give
 .text.z_impl_k_sem_take
                0x000000000000496c       0x50 zephyr/kernel/libkernel.a(sem.c.obj)
                0x000000000000496c                z_impl_k_sem_take
 .text.sliceable
                0x00000000000049bc       0x3c zephyr/kernel/libkernel.a(sched.c.obj)
 .text.slice_timeout
                0x00000000000049f8       0x20 zephyr/kernel/libkernel.a(sched.c.obj)
 .text.z_reset_time_slice
                0x0000000000004a18       0x50 zephyr/kernel/libkernel.a(sched.c.obj)
                0x0000000000004a18                z_reset_time_slice
 .text.update_cache
                0x0000000000004a68       0x3c zephyr/kernel/libkernel.a(sched.c.obj)
 .text.move_thread_to_end_of_prio_q
                0x0000000000004aa4       0x74 zephyr/kernel/libkernel.a(sched.c.obj)
 .text.ready_thread
                0x0000000000004b18       0x68 zephyr/kernel/libkernel.a(sched.c.obj)
 .text.unready_thread
                0x0000000000004b80       0x30 zephyr/kernel/libkernel.a(sched.c.obj)
 .text.pend_locked
                0x0000000000004bb0       0x30 zephyr/kernel/libkernel.a(sched.c.obj)
 .text.z_thread_halt
                0x0000000000004be0       0xa0 zephyr/kernel/libkernel.a(sched.c.obj)
 .text.z_time_slice
                0x0000000000004c80       0x60 zephyr/kernel/libkernel.a(sched.c.obj)
                0x0000000000004c80                z_time_slice
 .text.z_pend_curr
                0x0000000000004ce0       0x3c zephyr/kernel/libkernel.a(sched.c.obj)
                0x0000000000004ce0                z_pend_curr
 .text.z_set_prio
                0x0000000000004d1c       0x8c zephyr/kernel/libkernel.a(sched.c.obj)
                0x0000000000004d1c                z_set_prio
 .text.z_reschedule
                0x0000000000004da8       0x24 zephyr/kernel/libkernel.a(sched.c.obj)
                0x0000000000004da8                z_reschedule
 .text.z_sched_start
                0x0000000000004dcc       0x3c zephyr/kernel/libkernel.a(sched.c.obj)
                0x0000000000004dcc                z_sched_start
 .text.k_sched_lock
                0x0000000000004e08       0x28 zephyr/kernel/libkernel.a(sched.c.obj)
                0x0000000000004e08                k_sched_lock
 .text.k_sched_unlock
                0x0000000000004e30       0x38 zephyr/kernel/libkernel.a(sched.c.obj)
                0x0000000000004e30                k_sched_unlock
 .text.z_sched_init
                0x0000000000004e68       0x10 zephyr/kernel/libkernel.a(sched.c.obj)
                0x0000000000004e68                z_sched_init
 .text.z_impl_k_yield
                0x0000000000004e78       0x7c zephyr/kernel/libkernel.a(sched.c.obj)
                0x0000000000004e78                z_impl_k_yield
 .text.z_tick_sleep
                0x0000000000004ef4       0x88 zephyr/kernel/libkernel.a(sched.c.obj)
 .text.z_impl_k_sleep
                0x0000000000004f7c       0x34 zephyr/kernel/libkernel.a(sched.c.obj)
                0x0000000000004f7c                z_impl_k_sleep
 .text.z_impl_k_sched_current_thread_query
                0x0000000000004fb0        0xc zephyr/kernel/libkernel.a(sched.c.obj)
                0x0000000000004fb0                z_impl_k_sched_current_thread_query
 .text.z_data_copy
                0x0000000000004fbc       0x34 zephyr/kernel/libkernel.a(xip.c.obj)
                0x0000000000004fbc                z_data_copy
 .text.elapsed  0x0000000000004ff0       0x14 zephyr/kernel/libkernel.a(timeout.c.obj)
 .text.next_timeout
                0x0000000000005004       0x40 zephyr/kernel/libkernel.a(timeout.c.obj)
 .text.remove_timeout
                0x0000000000005044       0x38 zephyr/kernel/libkernel.a(timeout.c.obj)
 .text.z_add_timeout
                0x000000000000507c       0xec zephyr/kernel/libkernel.a(timeout.c.obj)
                0x000000000000507c                z_add_timeout
 .text.sys_clock_announce
                0x0000000000005168       0xd4 zephyr/kernel/libkernel.a(timeout.c.obj)
                0x0000000000005168                sys_clock_announce
 .text.sys_clock_tick_get
                0x000000000000523c       0x34 zephyr/kernel/libkernel.a(timeout.c.obj)
                0x000000000000523c                sys_clock_tick_get
 .text.z_timer_expiration_handler
                0x0000000000005270       0xe4 zephyr/kernel/libkernel.a(timer.c.obj)
                0x0000000000005270                z_timer_expiration_handler
 .text.z_impl_k_timer_start
                0x0000000000005354       0x74 zephyr/kernel/libkernel.a(timer.c.obj)
                0x0000000000005354                z_impl_k_timer_start
 .text.boot_banner
                0x00000000000053c8        0xc zephyr/kernel/libkernel.a(banner.c.obj)
                0x00000000000053c8                boot_banner
 .text.nrf_cc3xx_platform_init_no_rng
                0x00000000000053d4       0x38 /home/pedro/ncs/v2.6.1/nrfxlib/crypto/nrf_cc310_platform/lib/cortex-m4/soft-float/no-interrupts/libnrf_cc310_platform_0.9.19.a(nrf_cc3xx_platform.c.obj)
                0x00000000000053d4                nrf_cc3xx_platform_init_no_rng
 .text.nrf_cc3xx_platform_abort
                0x000000000000540c       0x24 /home/pedro/ncs/v2.6.1/nrfxlib/crypto/nrf_cc310_platform/lib/cortex-m4/soft-float/no-interrupts/libnrf_cc310_platform_0.9.19.a(nrf_cc3xx_platform_abort.c.obj)
 .text.CC_PalAbort
                0x0000000000005430       0x34 /home/pedro/ncs/v2.6.1/nrfxlib/crypto/nrf_cc310_platform/lib/cortex-m4/soft-float/no-interrupts/libnrf_cc310_platform_0.9.19.a(nrf_cc3xx_platform_abort.c.obj)
                0x0000000000005430                CC_PalAbort
 .text.nrf_cc3xx_platform_set_abort
                0x0000000000005464       0x10 /home/pedro/ncs/v2.6.1/nrfxlib/crypto/nrf_cc310_platform/lib/cortex-m4/soft-float/no-interrupts/libnrf_cc310_platform_0.9.19.a(nrf_cc3xx_platform_abort.c.obj)
                0x0000000000005464                nrf_cc3xx_platform_set_abort
 .text.mutex_free
                0x0000000000005474       0x34 /home/pedro/ncs/v2.6.1/nrfxlib/crypto/nrf_cc310_platform/lib/cortex-m4/soft-float/no-interrupts/libnrf_cc310_platform_0.9.19.a(nrf_cc3xx_platform_mutex.c.obj)
 .text.mutex_lock
                0x00000000000054a8       0x48 /home/pedro/ncs/v2.6.1/nrfxlib/crypto/nrf_cc310_platform/lib/cortex-m4/soft-float/no-interrupts/libnrf_cc310_platform_0.9.19.a(nrf_cc3xx_platform_mutex.c.obj)
 .text.mutex_unlock
                0x00000000000054f0       0x38 /home/pedro/ncs/v2.6.1/nrfxlib/crypto/nrf_cc310_platform/lib/cortex-m4/soft-float/no-interrupts/libnrf_cc310_platform_0.9.19.a(nrf_cc3xx_platform_mutex.c.obj)
 .text.mutex_init
                0x0000000000005528       0x20 /home/pedro/ncs/v2.6.1/nrfxlib/crypto/nrf_cc310_platform/lib/cortex-m4/soft-float/no-interrupts/libnrf_cc310_platform_0.9.19.a(nrf_cc3xx_platform_mutex.c.obj)
 .text.nrf_cc3xx_platform_set_mutexes
                0x0000000000005548       0x74 /home/pedro/ncs/v2.6.1/nrfxlib/crypto/nrf_cc310_platform/lib/cortex-m4/soft-float/no-interrupts/libnrf_cc310_platform_0.9.19.a(nrf_cc3xx_platform_mutex.c.obj)
                0x0000000000005548                nrf_cc3xx_platform_set_mutexes
 .text.CC_LibInitNoRng
                0x00000000000055bc       0x64 /home/pedro/ncs/v2.6.1/nrfxlib/crypto/nrf_cc310_platform/lib/cortex-m4/soft-float/no-interrupts/libnrf_cc310_platform_0.9.19.a(cc_lib.c.obj)
                0x00000000000055bc                CC_LibInitNoRng
 .text.CC_HalInit
                0x0000000000005620        0x4 /home/pedro/ncs/v2.6.1/nrfxlib/crypto/nrf_cc310_platform/lib/cortex-m4/soft-float/no-interrupts/libnrf_cc310_platform_0.9.19.a(cc_hal.c.obj)
                0x0000000000005620                CC_HalInit
 .text.CC_HalTerminate
                0x0000000000005624        0x4 /home/pedro/ncs/v2.6.1/nrfxlib/crypto/nrf_cc310_platform/lib/cortex-m4/soft-float/no-interrupts/libnrf_cc310_platform_0.9.19.a(cc_hal.c.obj)
                0x0000000000005624                CC_HalTerminate
 .text.CC_HalMaskInterrupt
                0x0000000000005628        0xc /home/pedro/ncs/v2.6.1/nrfxlib/crypto/nrf_cc310_platform/lib/cortex-m4/soft-float/no-interrupts/libnrf_cc310_platform_0.9.19.a(cc_hal.c.obj)
                0x0000000000005628                CC_HalMaskInterrupt
 .text.CC_PalInit
                0x0000000000005634       0x5c /home/pedro/ncs/v2.6.1/nrfxlib/crypto/nrf_cc310_platform/lib/cortex-m4/soft-float/no-interrupts/libnrf_cc310_platform_0.9.19.a(cc_pal.c.obj)
                0x0000000000005634                CC_PalInit
 .text.CC_PalTerminate
                0x0000000000005690       0x34 /home/pedro/ncs/v2.6.1/nrfxlib/crypto/nrf_cc310_platform/lib/cortex-m4/soft-float/no-interrupts/libnrf_cc310_platform_0.9.19.a(cc_pal.c.obj)
                0x0000000000005690                CC_PalTerminate
 .text.CC_PalDmaInit
                0x00000000000056c4        0x4 /home/pedro/ncs/v2.6.1/nrfxlib/crypto/nrf_cc310_platform/lib/cortex-m4/soft-float/no-interrupts/libnrf_cc310_platform_0.9.19.a(cc_pal_dma.c.obj)
                0x00000000000056c4                CC_PalDmaInit
 .text.CC_PalDmaTerminate
                0x00000000000056c8        0x4 /home/pedro/ncs/v2.6.1/nrfxlib/crypto/nrf_cc310_platform/lib/cortex-m4/soft-float/no-interrupts/libnrf_cc310_platform_0.9.19.a(cc_pal_dma.c.obj)
                0x00000000000056c8                CC_PalDmaTerminate
 .text.CC_PalMutexCreate
                0x00000000000056cc       0x14 /home/pedro/ncs/v2.6.1/nrfxlib/crypto/nrf_cc310_platform/lib/cortex-m4/soft-float/no-interrupts/libnrf_cc310_platform_0.9.19.a(cc_pal_mutex.c.obj)
                0x00000000000056cc                CC_PalMutexCreate
 .text.CC_PalMutexDestroy
                0x00000000000056e0       0x14 /home/pedro/ncs/v2.6.1/nrfxlib/crypto/nrf_cc310_platform/lib/cortex-m4/soft-float/no-interrupts/libnrf_cc310_platform_0.9.19.a(cc_pal_mutex.c.obj)
                0x00000000000056e0                CC_PalMutexDestroy
 .text.CC_PalPowerSaveModeInit
                0x00000000000056f4       0x3c /home/pedro/ncs/v2.6.1/nrfxlib/crypto/nrf_cc310_platform/lib/cortex-m4/soft-float/no-interrupts/libnrf_cc310_platform_0.9.19.a(cc_pal_pm.c.obj)
                0x00000000000056f4                CC_PalPowerSaveModeInit
 .text.CC_PalPowerSaveModeSelect
                0x0000000000005730       0x84 /home/pedro/ncs/v2.6.1/nrfxlib/crypto/nrf_cc310_platform/lib/cortex-m4/soft-float/no-interrupts/libnrf_cc310_platform_0.9.19.a(cc_pal_pm.c.obj)
                0x0000000000005730                CC_PalPowerSaveModeSelect
 .text.snprintf
                0x00000000000057b4       0x58 /home/pedro/ncs/toolchains/2be090971e/opt/zephyr-sdk/arm-zephyr-eabi/bin/../lib/gcc/../../picolibc/arm-zephyr-eabi/lib/thumb/v7e-m/nofp/libc.a(libc_tinystdio_snprintf.c.o)
                0x00000000000057b4                snprintf
 .text.__l_vfprintf
                0x000000000000580c      0x4b8 /home/pedro/ncs/toolchains/2be090971e/opt/zephyr-sdk/arm-zephyr-eabi/bin/../lib/gcc/../../picolibc/arm-zephyr-eabi/lib/thumb/v7e-m/nofp/libc.a(libc_tinystdio_vflprintf.c.o)
                0x000000000000580c                __l_vfprintf
 .text._OffsetAbsSyms
                0x0000000000005cc4        0x2 zephyr/CMakeFiles/offsets.dir/./arch/arm/core/offsets/offsets.c.obj
                0x0000000000005cc4                _OffsetAbsSyms
 .text.cbpprintf_external
                0x0000000000005cc6       0x62 zephyr/libzephyr.a(cbprintf_packaged.c.obj)
                0x0000000000005cc6                cbpprintf_external
 .text.is_ptr   0x0000000000005d28       0x4a zephyr/libzephyr.a(cbprintf_packaged.c.obj)
                0x0000000000005d28                is_ptr
 .text.arch_printk_char_out
                0x0000000000005d72        0x4 zephyr/libzephyr.a(printk.c.obj)
                0x0000000000005d72                arch_printk_char_out
 .text.printk   0x0000000000005d76       0x1a zephyr/libzephyr.a(printk.c.obj)
                0x0000000000005d76                printk
 .text.chunk_size
                0x0000000000005d90        0xa zephyr/libzephyr.a(heap.c.obj)
 .text.free_list_add
                0x0000000000005d9a       0x4e zephyr/libzephyr.a(heap.c.obj)
 .text.sys_heap_init
                0x0000000000005de8       0x7a zephyr/libzephyr.a(heap.c.obj)
                0x0000000000005de8                sys_heap_init
 .text.process_recheck
                0x0000000000005e62       0x38 zephyr/libzephyr.a(onoff.c.obj)
 .text.validate_args
                0x0000000000005e9a       0x20 zephyr/libzephyr.a(onoff.c.obj)
 .text.notify_one
                0x0000000000005eba       0x2c zephyr/libzephyr.a(onoff.c.obj)
 .text.transition_complete
                0x0000000000005ee6       0x1c zephyr/libzephyr.a(onoff.c.obj)
 .text.onoff_manager_init
                0x0000000000005f02       0x26 zephyr/libzephyr.a(onoff.c.obj)
                0x0000000000005f02                onoff_manager_init
 .text.onoff_request
                0x0000000000005f28       0xb0 zephyr/libzephyr.a(onoff.c.obj)
                0x0000000000005f28                onoff_request
 .text.sys_notify_validate
                0x0000000000005fd8       0x22 zephyr/libzephyr.a(notify.c.obj)
                0x0000000000005fd8                sys_notify_validate
 .text.sys_notify_finalize
                0x0000000000005ffa       0x1a zephyr/libzephyr.a(notify.c.obj)
                0x0000000000005ffa                sys_notify_finalize
 .text.free_space
                0x0000000000006014       0x26 zephyr/libzephyr.a(mpsc_pbuf.c.obj)
 .text.get_usage
                0x000000000000603a       0x22 zephyr/libzephyr.a(mpsc_pbuf.c.obj)
 .text.idx_inc  0x000000000000605c       0x1c zephyr/libzephyr.a(mpsc_pbuf.c.obj)
 .text.rd_idx_inc
                0x0000000000006078       0x18 zephyr/libzephyr.a(mpsc_pbuf.c.obj)
 .text.add_skip_item
                0x0000000000006090       0x3a zephyr/libzephyr.a(mpsc_pbuf.c.obj)
 .text.drop_item_locked
                0x00000000000060ca       0xee zephyr/libzephyr.a(mpsc_pbuf.c.obj)
 .text.post_drop_action
                0x00000000000061b8       0x36 zephyr/libzephyr.a(mpsc_pbuf.c.obj)
 .text.max_utilization_update
                0x00000000000061ee       0x1a zephyr/libzephyr.a(mpsc_pbuf.c.obj)
 .text.mpsc_pbuf_init
                0x0000000000006208       0x42 zephyr/libzephyr.a(mpsc_pbuf.c.obj)
                0x0000000000006208                mpsc_pbuf_init
 .text.mpsc_pbuf_alloc
                0x000000000000624a       0xfc zephyr/libzephyr.a(mpsc_pbuf.c.obj)
                0x000000000000624a                mpsc_pbuf_alloc
 .text.mpsc_pbuf_commit
                0x0000000000006346       0x40 zephyr/libzephyr.a(mpsc_pbuf.c.obj)
                0x0000000000006346                mpsc_pbuf_commit
 .text.mpsc_pbuf_claim
                0x0000000000006386       0xa4 zephyr/libzephyr.a(mpsc_pbuf.c.obj)
                0x0000000000006386                mpsc_pbuf_claim
 .text.mpsc_pbuf_free
                0x000000000000642a       0x78 zephyr/libzephyr.a(mpsc_pbuf.c.obj)
                0x000000000000642a                mpsc_pbuf_free
 .text.mpsc_pbuf_is_pending
                0x00000000000064a2       0x1a zephyr/libzephyr.a(mpsc_pbuf.c.obj)
                0x00000000000064a2                mpsc_pbuf_is_pending
 .text._ConfigAbsSyms
                0x00000000000064bc        0x2 zephyr/libzephyr.a(configs.c.obj)
                0x00000000000064bc                _ConfigAbsSyms
 .text.log_msg_generic_get_wlen
                0x00000000000064be       0x20 zephyr/libzephyr.a(log_core.c.obj)
 .text.dummy_timestamp
                0x00000000000064de        0x4 zephyr/libzephyr.a(log_core.c.obj)
 .text.default_get_timestamp
                0x00000000000064e2        0x4 zephyr/libzephyr.a(log_core.c.obj)
 .text.atomic_inc
                0x00000000000064e6       0x1a zephyr/libzephyr.a(log_core.c.obj)
 .text.z_log_vprintk
                0x0000000000006500       0x1c zephyr/libzephyr.a(log_core.c.obj)
                0x0000000000006500                z_log_vprintk
 .text.z_log_notify_drop
                0x000000000000651c        0x6 zephyr/libzephyr.a(log_core.c.obj)
 .text.z_log_get_tag
                0x0000000000006522        0x4 zephyr/libzephyr.a(log_core.c.obj)
                0x0000000000006522                z_log_get_tag
 .text.z_cbprintf_cpy
                0x0000000000006526       0x2c zephyr/libzephyr.a(log_msg.c.obj)
 .text.z_log_msg_finalize
                0x0000000000006552       0x32 zephyr/libzephyr.a(log_msg.c.obj)
                0x0000000000006552                z_log_msg_finalize
 .text.z_log_msg_simple_create
                0x0000000000006584       0x6e zephyr/libzephyr.a(log_msg.c.obj)
 .text.z_impl_z_log_msg_simple_create_0
                0x00000000000065f2       0x12 zephyr/libzephyr.a(log_msg.c.obj)
                0x00000000000065f2                z_impl_z_log_msg_simple_create_0
 .text.z_impl_z_log_msg_simple_create_1
                0x0000000000006604       0x14 zephyr/libzephyr.a(log_msg.c.obj)
                0x0000000000006604                z_impl_z_log_msg_simple_create_1
 .text.buffer_write
                0x0000000000006618       0x1a zephyr/libzephyr.a(log_output.c.obj)
 .text.log_output_flush
                0x0000000000006632       0x1a zephyr/libzephyr.a(log_output.c.obj)
                0x0000000000006632                log_output_flush
 .text.out_func
                0x000000000000664c       0x36 zephyr/libzephyr.a(log_output.c.obj)
 .text.cr_out_func
                0x0000000000006682       0x1c zephyr/libzephyr.a(log_output.c.obj)
 .text.format_set
                0x000000000000669e        0xc zephyr/libzephyr.a(log_backend_uart.c.obj)
 .text.log_backend_uart_init
                0x00000000000066aa        0xc zephyr/libzephyr.a(log_backend_uart.c.obj)
 .text.panic    0x00000000000066b6       0x10 zephyr/libzephyr.a(log_backend_uart.c.obj)
 .text.dropped  0x00000000000066c6        0xa zephyr/libzephyr.a(log_backend_uart.c.obj)
 .text.process  0x00000000000066d0       0x1e zephyr/libzephyr.a(log_backend_uart.c.obj)
 .text.abort_function
                0x00000000000066ee        0x8 zephyr/libzephyr.a(nrf_cc3xx_platform_abort_zephyr.c.obj)
 .text.z_do_kernel_oops
                0x00000000000066f6        0x8 zephyr/arch/arch/arm/core/libarch__arm__core.a(fatal.c.obj)
                0x00000000000066f6                z_do_kernel_oops
 .text.z_arm_nmi
                0x00000000000066fe        0xe zephyr/arch/arch/arm/core/libarch__arm__core.a(nmi.c.obj)
                0x00000000000066fe                z_arm_nmi
 .text.z_log_msg_simple_create_0.constprop.0
                0x000000000000670c        0x8 zephyr/arch/arch/arm/core/cortex_m/libarch__arm__core__cortex_m.a(fault.c.obj)
 .text.z_irq_spurious
                0x0000000000006714        0x8 zephyr/arch/arch/arm/core/cortex_m/libarch__arm__core__cortex_m.a(irq_manage.c.obj)
                0x0000000000006714                z_irq_spurious
 .text.size_to_mpu_rasr_size
                0x000000000000671c       0x20 zephyr/arch/arch/arm/core/mpu/libarch__arm__core__mpu.a(arm_mpu.c.obj)
 .text.cbputc   0x000000000000673c        0xc zephyr/lib/libc/picolibc/liblib__libc__picolibc.a(libc-hooks.c.obj)
 .text.picolibc_put
                0x0000000000006748        0xa zephyr/lib/libc/picolibc/liblib__libc__picolibc.a(libc-hooks.c.obj)
 .text.get_status
                0x0000000000006752       0x12 zephyr/drivers/clock_control/libdrivers__clock_control.a(clock_control_nrf.c.obj)
 .text.set_on_state
                0x0000000000006764       0x26 zephyr/drivers/clock_control/libdrivers__clock_control.a(clock_control_nrf.c.obj)
 .text.stop     0x000000000000678a       0x52 zephyr/drivers/clock_control/libdrivers__clock_control.a(clock_control_nrf.c.obj)
 .text.api_stop
                0x00000000000067dc        0x6 zephyr/drivers/clock_control/libdrivers__clock_control.a(clock_control_nrf.c.obj)
 .text.async_start
                0x00000000000067e2       0x5c zephyr/drivers/clock_control/libdrivers__clock_control.a(clock_control_nrf.c.obj)
 .text.api_start
                0x000000000000683e        0xe zephyr/drivers/clock_control/libdrivers__clock_control.a(clock_control_nrf.c.obj)
 .text.onoff_started_callback
                0x000000000000684c       0x12 zephyr/drivers/clock_control/libdrivers__clock_control.a(clock_control_nrf.c.obj)
 .text.lfclk_start
                0x000000000000685e        0x6 zephyr/drivers/clock_control/libdrivers__clock_control.a(clock_control_nrf.c.obj)
 .text.lfclk_stop
                0x0000000000006864        0x6 zephyr/drivers/clock_control/libdrivers__clock_control.a(clock_control_nrf.c.obj)
 .text.blocking_start_callback
                0x000000000000686a        0x6 zephyr/drivers/clock_control/libdrivers__clock_control.a(clock_control_nrf.c.obj)
 .text.gpio_nrfx_port_get_raw
                0x0000000000006870        0xe zephyr/drivers/gpio/libdrivers__gpio.a(gpio_nrfx.c.obj)
 .text.gpio_nrfx_port_set_masked_raw
                0x000000000000687e       0x18 zephyr/drivers/gpio/libdrivers__gpio.a(gpio_nrfx.c.obj)
 .text.gpio_nrfx_port_set_bits_raw
                0x0000000000006896        0xc zephyr/drivers/gpio/libdrivers__gpio.a(gpio_nrfx.c.obj)
 .text.gpio_nrfx_port_clear_bits_raw
                0x00000000000068a2        0xc zephyr/drivers/gpio/libdrivers__gpio.a(gpio_nrfx.c.obj)
 .text.gpio_nrfx_port_toggle_bits
                0x00000000000068ae       0x1a zephyr/drivers/gpio/libdrivers__gpio.a(gpio_nrfx.c.obj)
 .text.gpio_nrfx_manage_callback
                0x00000000000068c8       0x52 zephyr/drivers/gpio/libdrivers__gpio.a(gpio_nrfx.c.obj)
 .text.pinctrl_lookup_state
                0x000000000000691a       0x26 zephyr/drivers/pinctrl/libdrivers__pinctrl.a(common.c.obj)
                0x000000000000691a                pinctrl_lookup_state
 .text.uarte_nrfx_err_check
                0x0000000000006940        0xe zephyr/drivers/serial/libdrivers__serial.a(uart_nrfx_uarte.c.obj)
 .text.uarte_nrfx_poll_in
                0x000000000000694e       0x28 zephyr/drivers/serial/libdrivers__serial.a(uart_nrfx_uarte.c.obj)
 .text.is_tx_ready.isra.0
                0x0000000000006976       0x20 zephyr/drivers/serial/libdrivers__serial.a(uart_nrfx_uarte.c.obj)
 .text.uarte_nrfx_isr_int
                0x0000000000006996       0x72 zephyr/drivers/serial/libdrivers__serial.a(uart_nrfx_uarte.c.obj)
 .text.event_clear
                0x0000000000006a08       0x18 zephyr/drivers/timer/libdrivers__timer.a(nrf_rtc_timer.c.obj)
 .text.sys_clock_cycle_get_32
                0x0000000000006a20        0x8 zephyr/drivers/timer/libdrivers__timer.a(nrf_rtc_timer.c.obj)
                0x0000000000006a20                sys_clock_cycle_get_32
 .text.hw_cc3xx_init_internal
                0x0000000000006a28        0x4 modules/nrf/drivers/hw_cc3xx/lib..__nrf__drivers__hw_cc3xx.a(hw_cc3xx.c.obj)
 .text.hw_cc3xx_init
                0x0000000000006a2c       0x12 modules/nrf/drivers/hw_cc3xx/lib..__nrf__drivers__hw_cc3xx.a(hw_cc3xx.c.obj)
 .text.nrfx_isr
                0x0000000000006a3e        0x2 modules/hal_nordic/nrfx/libmodules__hal_nordic__nrfx.a(nrfx_glue.c.obj)
                0x0000000000006a3e                nrfx_isr
 .text.nrfx_busy_wait
                0x0000000000006a40        0x4 modules/hal_nordic/nrfx/libmodules__hal_nordic__nrfx.a(nrfx_glue.c.obj)
                0x0000000000006a40                nrfx_busy_wait
 .text.nrfx_gppi_channel_endpoints_setup
                0x0000000000006a44       0x14 modules/hal_nordic/nrfx/libmodules__hal_nordic__nrfx.a(nrfx_gppi_ppi.c.obj)
                0x0000000000006a44                nrfx_gppi_channel_endpoints_setup
 .text.nrfx_clock_stop
                0x0000000000006a58        0x4 modules/hal_nordic/nrfx/libmodules__hal_nordic__nrfx.a(nrfx_clock.c.obj)
                0x0000000000006a58                nrfx_clock_stop
 .text.nrf_gpio_reconfigure
                0x0000000000006a5c       0x92 modules/hal_nordic/nrfx/libmodules__hal_nordic__nrfx.a(nrfx_gpiote.c.obj)
 .text.nrf_gpio_cfg_sense_set
                0x0000000000006aee       0x1e modules/hal_nordic/nrfx/libmodules__hal_nordic__nrfx.a(nrfx_gpiote.c.obj)
 .text.pin_trigger_disable
                0x0000000000006b0c       0x48 modules/hal_nordic/nrfx/libmodules__hal_nordic__nrfx.a(nrfx_gpiote.c.obj)
 .text.nrfx_gpiote_pin_uninit
                0x0000000000006b54        0x4 modules/hal_nordic/nrfx/libmodules__hal_nordic__nrfx.a(nrfx_gpiote.c.obj)
                0x0000000000006b54                nrfx_gpiote_pin_uninit
 .text.nrfx_gpiote_trigger_disable
                0x0000000000006b58        0x4 modules/hal_nordic/nrfx/libmodules__hal_nordic__nrfx.a(nrfx_gpiote.c.obj)
                0x0000000000006b58                nrfx_gpiote_trigger_disable
 .text.SEGGER_RTT_Init
                0x0000000000006b5c        0x4 modules/segger/libmodules__segger.a(SEGGER_RTT.c.obj)
                0x0000000000006b5c                SEGGER_RTT_Init
 .text.rtt_init
                0x0000000000006b60        0xa modules/segger/libmodules__segger.a(SEGGER_RTT_zephyr.c.obj)
 .text.z_impl_k_busy_wait
                0x0000000000006b6a        0x8 zephyr/kernel/libkernel.a(busy_wait.c.obj)
                0x0000000000006b6a                z_impl_k_busy_wait
 .text.z_device_state_init
                0x0000000000006b72        0x2 zephyr/kernel/libkernel.a(device.c.obj)
                0x0000000000006b72                z_device_state_init
 .text.z_device_is_ready
                0x0000000000006b74       0x16 zephyr/kernel/libkernel.a(device.c.obj)
                0x0000000000006b74                z_device_is_ready
 .text.z_early_memset
                0x0000000000006b8a        0x4 zephyr/kernel/libkernel.a(init.c.obj)
                0x0000000000006b8a                z_early_memset
 .text.z_early_memcpy
                0x0000000000006b8e        0x4 zephyr/kernel/libkernel.a(init.c.obj)
                0x0000000000006b8e                z_early_memcpy
 .text.create_free_list
                0x0000000000006b92       0x2c zephyr/kernel/libkernel.a(mem_slab.c.obj)
 .text.k_mem_slab_init
                0x0000000000006bbe       0x1c zephyr/kernel/libkernel.a(mem_slab.c.obj)
                0x0000000000006bbe                k_mem_slab_init
 .text.k_mem_slab_free
                0x0000000000006bda       0x4c zephyr/kernel/libkernel.a(mem_slab.c.obj)
                0x0000000000006bda                k_mem_slab_free
 .text.k_is_in_isr
                0x0000000000006c26        0xc zephyr/kernel/libkernel.a(thread.c.obj)
                0x0000000000006c26                k_is_in_isr
 .text.z_impl_k_thread_name_set
                0x0000000000006c32        0x6 zephyr/kernel/libkernel.a(thread.c.obj)
                0x0000000000006c32                z_impl_k_thread_name_set
 .text.k_thread_name_get
                0x0000000000006c38        0x4 zephyr/kernel/libkernel.a(thread.c.obj)
                0x0000000000006c38                k_thread_name_get
 .text.idle     0x0000000000006c3c       0x18 zephyr/kernel/libkernel.a(idle.c.obj)
                0x0000000000006c3c                idle
 .text.adjust_owner_prio.isra.0
                0x0000000000006c54       0x10 zephyr/kernel/libkernel.a(mutex.c.obj)
 .text.z_impl_k_mutex_init
                0x0000000000006c64        0xe zephyr/kernel/libkernel.a(mutex.c.obj)
                0x0000000000006c64                z_impl_k_mutex_init
 .text.z_impl_k_sem_init
                0x0000000000006c72       0x18 zephyr/kernel/libkernel.a(sem.c.obj)
                0x0000000000006c72                z_impl_k_sem_init
 .text.sys_dlist_remove
                0x0000000000006c8a       0x10 zephyr/kernel/libkernel.a(sched.c.obj)
 .text.unpend_thread_no_timeout
                0x0000000000006c9a       0x14 zephyr/kernel/libkernel.a(sched.c.obj)
 .text.add_to_waitq_locked
                0x0000000000006cae       0x50 zephyr/kernel/libkernel.a(sched.c.obj)
 .text.z_ready_thread
                0x0000000000006cfe       0x20 zephyr/kernel/libkernel.a(sched.c.obj)
                0x0000000000006cfe                z_ready_thread
 .text.z_impl_k_thread_suspend
                0x0000000000006d1e       0x36 zephyr/kernel/libkernel.a(sched.c.obj)
                0x0000000000006d1e                z_impl_k_thread_suspend
 .text.z_unpend_thread_no_timeout
                0x0000000000006d54       0x24 zephyr/kernel/libkernel.a(sched.c.obj)
                0x0000000000006d54                z_unpend_thread_no_timeout
 .text.z_sched_wake_thread
                0x0000000000006d78       0x44 zephyr/kernel/libkernel.a(sched.c.obj)
                0x0000000000006d78                z_sched_wake_thread
 .text.z_thread_timeout
                0x0000000000006dbc        0x8 zephyr/kernel/libkernel.a(sched.c.obj)
                0x0000000000006dbc                z_thread_timeout
 .text.z_unpend1_no_timeout
                0x0000000000006dc4       0x2e zephyr/kernel/libkernel.a(sched.c.obj)
                0x0000000000006dc4                z_unpend1_no_timeout
 .text.z_unpend_first_thread
                0x0000000000006df2       0x38 zephyr/kernel/libkernel.a(sched.c.obj)
                0x0000000000006df2                z_unpend_first_thread
 .text.z_reschedule_irqlock
                0x0000000000006e2a       0x18 zephyr/kernel/libkernel.a(sched.c.obj)
                0x0000000000006e2a                z_reschedule_irqlock
 .text.z_reschedule_unlocked
                0x0000000000006e42       0x14 zephyr/kernel/libkernel.a(sched.c.obj)
 .text.z_thread_abort
                0x0000000000006e56       0x42 zephyr/kernel/libkernel.a(sched.c.obj)
                0x0000000000006e56                z_thread_abort
 .text.z_abort_timeout
                0x0000000000006e98       0x2c zephyr/kernel/libkernel.a(timeout.c.obj)
                0x0000000000006e98                z_abort_timeout
 .text.sys_clock_tick_get_32
                0x0000000000006ec4        0x8 zephyr/kernel/libkernel.a(timeout.c.obj)
                0x0000000000006ec4                sys_clock_tick_get_32
 .text.z_impl_k_uptime_ticks
                0x0000000000006ecc        0x4 zephyr/kernel/libkernel.a(timeout.c.obj)
                0x0000000000006ecc                z_impl_k_uptime_ticks
 .text.k_timer_init
                0x0000000000006ed0       0x18 zephyr/kernel/libkernel.a(timer.c.obj)
                0x0000000000006ed0                k_timer_init
 .text.z_impl_k_timer_stop
                0x0000000000006ee8       0x3a zephyr/kernel/libkernel.a(timer.c.obj)
                0x0000000000006ee8                z_impl_k_timer_stop
 .text.main     0x0000000000006f22        0x6 zephyr/kernel/libkernel.a(main_weak.c.obj)
                0x0000000000006f22                main
 .text.strnlen  0x0000000000006f28       0x18 /home/pedro/ncs/toolchains/2be090971e/opt/zephyr-sdk/arm-zephyr-eabi/bin/../lib/gcc/../../picolibc/arm-zephyr-eabi/lib/thumb/v7e-m/nofp/libc.a(libc_string_strnlen.c.o)
                0x0000000000006f28                strnlen
 .text.__ultoa_invert
                0x0000000000006f40       0xae /home/pedro/ncs/toolchains/2be090971e/opt/zephyr-sdk/arm-zephyr-eabi/bin/../lib/gcc/../../picolibc/arm-zephyr-eabi/lib/thumb/v7e-m/nofp/libc.a(libc_tinystdio_vflprintf.c.o)
 .text.memcpy   0x0000000000006fee       0x1c /home/pedro/ncs/toolchains/2be090971e/opt/zephyr-sdk/arm-zephyr-eabi/bin/../lib/gcc/../../picolibc/arm-zephyr-eabi/lib/thumb/v7e-m/nofp/libc.a(memcpy.c.o)
                0x0000000000006fee                memcpy
                0x0000000000006fee                __aeabi_memcpy
                0x0000000000006fee                __aeabi_memcpy4
                0x0000000000006fee                __aeabi_memcpy8
 .text.memset   0x000000000000700a       0x10 /home/pedro/ncs/toolchains/2be090971e/opt/zephyr-sdk/arm-zephyr-eabi/bin/../lib/gcc/../../picolibc/arm-zephyr-eabi/lib/thumb/v7e-m/nofp/libc.a(memset.c.o)
                0x000000000000700a                memset
 .text.__file_str_put
                0x000000000000701a       0x10 /home/pedro/ncs/toolchains/2be090971e/opt/zephyr-sdk/arm-zephyr-eabi/bin/../lib/gcc/../../picolibc/arm-zephyr-eabi/lib/thumb/v7e-m/nofp/libc.a(libc_tinystdio_filestrput.c.o)
                0x000000000000701a                __file_str_put
 *(SORT_BY_ALIGNMENT(.TEXT.*))
 *fill*         0x000000000000702a        0x2 
 .TEXT.__aeabi_read_tp
                0x000000000000702c        0xc zephyr/arch/arch/arm/core/cortex_m/libarch__arm__core__cortex_m.a(__aeabi_read_tp.S.obj)
                0x000000000000702c                __aeabi_read_tp
 *(SORT_BY_ALIGNMENT(.gnu.linkonce.t.*))
 *(SORT_BY_ALIGNMENT(.glue_7t))
 .glue_7t       0x0000000000007038        0x0 linker stubs
 *(SORT_BY_ALIGNMENT(.glue_7))
 .glue_7        0x0000000000007038        0x0 linker stubs
 *(SORT_BY_ALIGNMENT(.vfp11_veneer))
 .vfp11_veneer  0x0000000000007038        0x0 linker stubs
 *(SORT_BY_ALIGNMENT(.v4_bx))
 .v4_bx         0x0000000000007038        0x0 linker stubs
                0x0000000000007038                . = ALIGN (0x4)
                0x0000000000007038                __text_region_end = .

.ARM.exidx      0x0000000000007038        0x8
                0x0000000000007038                __exidx_start = .
 *(SORT_BY_ALIGNMENT(.ARM.exidx*) SORT_BY_ALIGNMENT(gnu.linkonce.armexidx.*))
 .ARM.exidx     0x0000000000007038        0x8 /home/pedro/ncs/toolchains/2be090971e/opt/zephyr-sdk/arm-zephyr-eabi/bin/../lib/gcc/../../picolibc/arm-zephyr-eabi/lib/thumb/v7e-m/nofp/libc.a(strlen.S.o)
                0x0000000000007040                __exidx_end = .
                0x0000000000007040                __rodata_region_start = .

initlevel       0x0000000000007040       0x68
                0x0000000000007040                __init_start = .
                0x0000000000007040                __init_EARLY_start = .
 *(SORT_BY_NAME(SORT_BY_ALIGNMENT(.z_init_EARLY?_*)))
 *(SORT_BY_NAME(SORT_BY_ALIGNMENT(.z_init_EARLY??_*)))
                0x0000000000007040                __init_PRE_KERNEL_1_start = .
 *(SORT_BY_NAME(SORT_BY_ALIGNMENT(.z_init_PRE_KERNEL_1?_*)))
 .z_init_PRE_KERNEL_10_0_
                0x0000000000007040        0x8 zephyr/soc/soc/arm/nordic_nrf/libsoc__arm__nordic_nrf.a(soc.c.obj)
 *(SORT_BY_NAME(SORT_BY_ALIGNMENT(.z_init_PRE_KERNEL_1??_*)))
 .z_init_PRE_KERNEL_130_00075_
                0x0000000000007048        0x8 zephyr/drivers/clock_control/libdrivers__clock_control.a(clock_control_nrf.c.obj)
 .z_init_PRE_KERNEL_130_0_
                0x0000000000007050        0x8 modules/segger/libmodules__segger.a(SEGGER_RTT_zephyr.c.obj)
 .z_init_PRE_KERNEL_130_0_
                0x0000000000007058        0x8 zephyr/kernel/libkernel.a(mem_slab.c.obj)
 .z_init_PRE_KERNEL_140_00011_
                0x0000000000007060        0x8 zephyr/drivers/gpio/libdrivers__gpio.a(gpio_nrfx.c.obj)
 .z_init_PRE_KERNEL_140_00105_
                0x0000000000007068        0x8 zephyr/drivers/gpio/libdrivers__gpio.a(gpio_nrfx.c.obj)
 .z_init_PRE_KERNEL_140_0_
                0x0000000000007070        0x8 modules/nrf/drivers/hw_cc3xx/lib..__nrf__drivers__hw_cc3xx.a(hw_cc3xx.c.obj)
 .z_init_PRE_KERNEL_155_00113_
                0x0000000000007078        0x8 zephyr/drivers/serial/libdrivers__serial.a(uart_nrfx_uarte.c.obj)
 .z_init_PRE_KERNEL_160_0_
                0x0000000000007080        0x8 zephyr/drivers/console/libdrivers__console.a(uart_console.c.obj)
                0x0000000000007088                __init_PRE_KERNEL_2_start = .
 *(SORT_BY_NAME(SORT_BY_ALIGNMENT(.z_init_PRE_KERNEL_2?_*)))
 .z_init_PRE_KERNEL_20_0_
                0x0000000000007088        0x8 zephyr/drivers/timer/libdrivers__timer.a(nrf_rtc_timer.c.obj)
 *(SORT_BY_NAME(SORT_BY_ALIGNMENT(.z_init_PRE_KERNEL_2??_*)))
                0x0000000000007090                __init_POST_KERNEL_start = .
 *(SORT_BY_NAME(SORT_BY_ALIGNMENT(.z_init_POST_KERNEL?_*)))
 .z_init_POST_KERNEL0_0_
                0x0000000000007090        0x8 zephyr/libzephyr.a(log_core.c.obj)
 *(SORT_BY_NAME(SORT_BY_ALIGNMENT(.z_init_POST_KERNEL??_*)))
 .z_init_POST_KERNEL40_0_
                0x0000000000007098        0x8 zephyr/lib/libc/common/liblib__libc__common.a(malloc.c.obj)
 .z_init_POST_KERNEL40_0_
                0x00000000000070a0        0x8 modules/nrf/drivers/hw_cc3xx/lib..__nrf__drivers__hw_cc3xx.a(hw_cc3xx.c.obj)
                0x00000000000070a8                __init_APPLICATION_start = .
 *(SORT_BY_NAME(SORT_BY_ALIGNMENT(.z_init_APPLICATION?_*)))
 *(SORT_BY_NAME(SORT_BY_ALIGNMENT(.z_init_APPLICATION??_*)))
                0x00000000000070a8                __init_SMP_start = .
 *(SORT_BY_NAME(SORT_BY_ALIGNMENT(.z_init_SMP?_*)))
 *(SORT_BY_NAME(SORT_BY_ALIGNMENT(.z_init_SMP??_*)))
                0x00000000000070a8                __init_end = .

device_area     0x00000000000070a8       0x50
                0x00000000000070a8                _device_list_start = .
 *(SORT_BY_NAME(SORT_BY_ALIGNMENT(._device.static.*_?_*)))
 *(SORT_BY_NAME(SORT_BY_ALIGNMENT(._device.static.*_??_*)))
 ._device.static.1_30_
                0x00000000000070a8       0x14 zephyr/drivers/clock_control/libdrivers__clock_control.a(clock_control_nrf.c.obj)
                0x00000000000070a8                __device_dts_ord_75
 ._device.static.1_40_
                0x00000000000070bc       0x28 zephyr/drivers/gpio/libdrivers__gpio.a(gpio_nrfx.c.obj)
                0x00000000000070bc                __device_dts_ord_105
                0x00000000000070d0                __device_dts_ord_11
 ._device.static.1_55_
                0x00000000000070e4       0x14 zephyr/drivers/serial/libdrivers__serial.a(uart_nrfx_uarte.c.obj)
                0x00000000000070e4                __device_dts_ord_113
                0x00000000000070f8                _device_list_end = .

sw_isr_table    0x00000000000070f8      0x180
                0x00000000000070f8                . = ALIGN (0x4)
 *(SORT_BY_ALIGNMENT(.gnu.linkonce.sw_isr_table*))
 .gnu.linkonce.sw_isr_table
                0x00000000000070f8      0x180 zephyr/CMakeFiles/zephyr_final.dir/isr_tables.c.obj
                0x00000000000070f8                _sw_isr_table

initlevel_error
                0x0000000000007040        0x0
 *(SORT_BY_NAME(SORT_BY_ALIGNMENT(.z_init_[_A-Z0-9]*)))
                0x0000000000000001                ASSERT ((SIZEOF (initlevel_error) == 0x0), Undefined initialization levels used.)

app_shmem_regions
                0x0000000000007278        0x0
                0x0000000000007278                __app_shmem_regions_start = .
 *(SORT_BY_NAME(SORT_BY_ALIGNMENT(.app_regions.*)))
                0x0000000000007278                __app_shmem_regions_end = .

k_p4wq_initparam_area
                0x0000000000007278        0x0
                0x0000000000007278                _k_p4wq_initparam_list_start = .
 *(SORT_BY_NAME(SORT_BY_ALIGNMENT(._k_p4wq_initparam.static.*)))
                0x0000000000007278                _k_p4wq_initparam_list_end = .

_static_thread_data_area
                0x0000000000007278        0x0
                0x0000000000007278                __static_thread_data_list_start = .
 *(SORT_BY_NAME(SORT_BY_ALIGNMENT(.__static_thread_data.static.*)))
                0x0000000000007278                __static_thread_data_list_end = .

device_deps     0x0000000000007278        0x0
                0x0000000000007278                __device_deps_start = .
 *(SORT_BY_NAME(SORT_BY_ALIGNMENT(.__device_deps_pass2*)))
                0x0000000000007278                __device_deps_end = .

ztest           0x0000000000007278        0x0
                0x0000000000007278                _ztest_expected_result_entry_list_start = .
 *(SORT_BY_NAME(SORT_BY_ALIGNMENT(._ztest_expected_result_entry.static.*)))
                0x0000000000007278                _ztest_expected_result_entry_list_end = .
                0x0000000000007278                _ztest_suite_node_list_start = .
 *(SORT_BY_NAME(SORT_BY_ALIGNMENT(._ztest_suite_node.static.*)))
                0x0000000000007278                _ztest_suite_node_list_end = .
                0x0000000000007278                _ztest_unit_test_list_start = .
 *(SORT_BY_NAME(SORT_BY_ALIGNMENT(._ztest_unit_test.static.*)))
                0x0000000000007278                _ztest_unit_test_list_end = .
                0x0000000000007278                _ztest_test_rule_list_start = .
 *(SORT_BY_NAME(SORT_BY_ALIGNMENT(._ztest_test_rule.static.*)))
                0x0000000000007278                _ztest_test_rule_list_end = .

bt_l2cap_fixed_chan_area
                0x0000000000007278        0x0
                0x0000000000007278                _bt_l2cap_fixed_chan_list_start = .
 *(SORT_BY_NAME(SORT_BY_ALIGNMENT(._bt_l2cap_fixed_chan.static.*)))
                0x0000000000007278                _bt_l2cap_fixed_chan_list_end = .

bt_gatt_service_static_area
                0x0000000000007278        0x0
                0x0000000000007278                _bt_gatt_service_static_list_start = .
 *(SORT_BY_NAME(SORT_BY_ALIGNMENT(._bt_gatt_service_static.static.*)))
                0x0000000000007278                _bt_gatt_service_static_list_end = .

log_strings_area
                0x0000000000007278        0x0
                0x0000000000007278                _log_strings_list_start = .
 *(SORT_BY_NAME(SORT_BY_ALIGNMENT(._log_strings.static.*)))
                0x0000000000007278                _log_strings_list_end = .

log_const_area  0x0000000000007278       0x58
                0x0000000000007278                _log_const_list_start = .
 *(SORT_BY_NAME(SORT_BY_ALIGNMENT(._log_const.static.*)))
 ._log_const.static.log_const_STBS_C_
                0x0000000000007278        0x8 app/libapp.a(stbs.c.obj)
                0x0000000000007278                log_const_STBS_C
 ._log_const.static.log_const_cbprintf_package_
                0x0000000000007280        0x8 zephyr/libzephyr.a(cbprintf_packaged.c.obj)
                0x0000000000007280                log_const_cbprintf_package
 ._log_const.static.log_const_clock_control_
                0x0000000000007288        0x8 zephyr/drivers/clock_control/libdrivers__clock_control.a(clock_control_nrf.c.obj)
                0x0000000000007288                log_const_clock_control
 ._log_const.static.log_const_fatal_error_
                0x0000000000007290        0x8 modules/nrf/lib/fatal_error/lib..__nrf__lib__fatal_error.a(fatal_error.c.obj)
                0x0000000000007290                log_const_fatal_error
 ._log_const.static.log_const_log_
                0x0000000000007298        0x8 zephyr/libzephyr.a(log_core.c.obj)
                0x0000000000007298                log_const_log
 ._log_const.static.log_const_log_mgmt_
                0x00000000000072a0        0x8 zephyr/libzephyr.a(log_mgmt.c.obj)
                0x00000000000072a0                log_const_log_mgmt
 ._log_const.static.log_const_log_uart_
                0x00000000000072a8        0x8 zephyr/libzephyr.a(log_backend_uart.c.obj)
                0x00000000000072a8                log_const_log_uart
 ._log_const.static.log_const_mpu_
                0x00000000000072b0        0x8 zephyr/arch/arch/arm/core/mpu/libarch__arm__core__mpu.a(arm_core_mpu.c.obj)
                0x00000000000072b0                log_const_mpu
 ._log_const.static.log_const_os_
                0x00000000000072b8        0x8 zephyr/kernel/libkernel.a(init.c.obj)
                0x00000000000072b8                log_const_os
 ._log_const.static.log_const_soc_
                0x00000000000072c0        0x8 zephyr/soc/soc/arm/nordic_nrf/libsoc__arm__nordic_nrf.a(soc.c.obj)
                0x00000000000072c0                log_const_soc
 ._log_const.static.log_const_uart_nrfx_uarte_
                0x00000000000072c8        0x8 zephyr/drivers/serial/libdrivers__serial.a(uart_nrfx_uarte.c.obj)
                0x00000000000072c8                log_const_uart_nrfx_uarte
                0x00000000000072d0                _log_const_list_end = .

log_backend_area
                0x00000000000072d0       0x20
                0x00000000000072d0                _log_backend_list_start = .
 *(SORT_BY_NAME(SORT_BY_ALIGNMENT(._log_backend.static.*)))
 ._log_backend.static.log_backend_rtt_
                0x00000000000072d0       0x10 zephyr/libzephyr.a(log_backend_rtt.c.obj)
 ._log_backend.static.log_backend_uart_
                0x00000000000072e0       0x10 zephyr/libzephyr.a(log_backend_uart.c.obj)
                0x00000000000072f0                _log_backend_list_end = .

log_link_area   0x00000000000072f0        0x0
                0x00000000000072f0                _log_link_list_start = .
 *(SORT_BY_NAME(SORT_BY_ALIGNMENT(._log_link.static.*)))
                0x00000000000072f0                _log_link_list_end = .

tracing_backend_area
                0x00000000000072f0        0x0
                0x00000000000072f0                _tracing_backend_list_start = .
 *(SORT_BY_NAME(SORT_BY_ALIGNMENT(._tracing_backend.static.*)))
                0x00000000000072f0                _tracing_backend_list_end = .

zephyr_dbg_info
 *(SORT_BY_ALIGNMENT(.dbg_thread_info))

symbol_to_keep  0x00000000000072f0        0x0
                0x00000000000072f0                __symbol_to_keep_start = .
 *(SORT_BY_NAME(SORT_BY_ALIGNMENT(.symbol_to_keep*)))
                0x00000000000072f0                __symbol_to_keep_end = .

shell_area      0x00000000000072f0        0x0
                0x00000000000072f0                _shell_list_start = .
 *(SORT_BY_NAME(SORT_BY_ALIGNMENT(._shell.static.*)))
                0x00000000000072f0                _shell_list_end = .

shell_root_cmds_area
                0x00000000000072f0        0x0
                0x00000000000072f0                _shell_root_cmds_list_start = .
 *(SORT_BY_NAME(SORT_BY_ALIGNMENT(._shell_root_cmds.static.*)))
                0x00000000000072f0                _shell_root_cmds_list_end = .

shell_subcmds_area
                0x00000000000072f0        0x0
                0x00000000000072f0                _shell_subcmds_list_start = .
 *(SORT_BY_NAME(SORT_BY_ALIGNMENT(._shell_subcmds.static.*)))
                0x00000000000072f0                _shell_subcmds_list_end = .

shell_dynamic_subcmds_area
                0x00000000000072f0        0x0
                0x00000000000072f0                _shell_dynamic_subcmds_list_start = .
 *(SORT_BY_NAME(SORT_BY_ALIGNMENT(._shell_dynamic_subcmds.static.*)))
                0x00000000000072f0                _shell_dynamic_subcmds_list_end = .

cfb_font_area   0x00000000000072f0        0x0
                0x00000000000072f0                _cfb_font_list_start = .
 *(SORT_BY_NAME(SORT_BY_ALIGNMENT(._cfb_font.static.*)))
                0x00000000000072f0                _cfb_font_list_end = .

tdata           0x00000000000072f0        0x0
 *(SORT_BY_ALIGNMENT(.tdata) SORT_BY_ALIGNMENT(.tdata.*) SORT_BY_ALIGNMENT(.gnu.linkonce.td.*))

tbss            0x00000000000072f0        0x4
 *(SORT_BY_ALIGNMENT(.tbss) SORT_BY_ALIGNMENT(.tbss.*) SORT_BY_ALIGNMENT(.gnu.linkonce.tb.*) SORT_BY_ALIGNMENT(.tcommon))
 .tbss.z_tls_current
                0x00000000000072f0        0x4 zephyr/libzephyr.a(thread_entry.c.obj)
                0x00000000000072f0                z_tls_current
                0x00000000000072f0                PROVIDE (__tdata_start = LOADADDR (tdata))
                0x0000000000000000                PROVIDE (__tdata_size = SIZEOF (tdata))
                [!provide]                        PROVIDE (__tdata_end = (__tdata_start + __tdata_size))
                0x0000000000000001                PROVIDE (__tdata_align = ALIGNOF (tdata))
                [!provide]                        PROVIDE (__tbss_start = ADDR (tbss))
                0x0000000000000004                PROVIDE (__tbss_size = SIZEOF (tbss))
                [!provide]                        PROVIDE (__tbss_end = (__tbss_start + __tbss_size))
                0x0000000000000004                PROVIDE (__tbss_align = ALIGNOF (tbss))
                [!provide]                        PROVIDE (__tls_start = __tdata_start)
                [!provide]                        PROVIDE (__tls_end = __tbss_end)
                [!provide]                        PROVIDE (__tls_size = (__tbss_end - __tdata_start))

rodata          0x00000000000072f0      0xb2c
 *(SORT_BY_ALIGNMENT(.rodata))
 *(SORT_BY_ALIGNMENT(.rodata.*))
 .rodata.delay_machine_code.0
                0x00000000000072f0        0x6 zephyr/soc/soc/arm/nordic_nrf/libsoc__arm__nordic_nrf.a(soc.c.obj)
 *fill*         0x00000000000072f6        0x2 
 .rodata.mpsc_config
                0x00000000000072f8       0x14 zephyr/libzephyr.a(log_core.c.obj)
 .rodata.format_table
                0x000000000000730c       0x10 zephyr/libzephyr.a(log_core.c.obj)
 .rodata.colors
                0x000000000000731c       0x14 zephyr/libzephyr.a(log_output.c.obj)
 .rodata.severity
                0x0000000000007330       0x14 zephyr/libzephyr.a(log_output.c.obj)
 .rodata.log_backend_rtt_api
                0x0000000000007344       0x1c zephyr/libzephyr.a(log_backend_rtt.c.obj)
                0x0000000000007344                log_backend_rtt_api
 .rodata.log_output_rtt
                0x0000000000007360       0x10 zephyr/libzephyr.a(log_backend_rtt.c.obj)
 .rodata.lbu_cb_ctx
                0x0000000000007370        0x8 zephyr/libzephyr.a(log_backend_uart.c.obj)
 .rodata.lbu_output
                0x0000000000007378       0x10 zephyr/libzephyr.a(log_backend_uart.c.obj)
 .rodata.log_backend_uart_api
                0x0000000000007388       0x1c zephyr/libzephyr.a(log_backend_uart.c.obj)
                0x0000000000007388                log_backend_uart_api
 .rodata.mem_attr_region
                0x00000000000073a4        0x0 zephyr/libzephyr.a(mem_attr.c.obj)
 .rodata.apis   0x00000000000073a4        0x8 zephyr/libzephyr.a(nrf_cc3xx_platform_abort_zephyr.c.obj)
 .rodata.mutexes
                0x00000000000073ac       0x14 zephyr/libzephyr.a(nrf_cc3xx_platform_mutex_zephyr.c.obj)
 .rodata.mutex_apis
                0x00000000000073c0       0x10 zephyr/libzephyr.a(nrf_cc3xx_platform_mutex_zephyr.c.obj)
 .rodata.static_regions
                0x00000000000073d0        0xc zephyr/arch/arch/arm/core/mpu/libarch__arm__core__mpu.a(arm_core_mpu.c.obj)
 .rodata.mpu_config
                0x00000000000073dc        0x8 zephyr/arch/arch/arm/core/mpu/libarch__arm__core__mpu.a(arm_mpu_regions.c.obj)
                0x00000000000073dc                mpu_config
 .rodata.mpu_regions
                0x00000000000073e4       0x18 zephyr/arch/arch/arm/core/mpu/libarch__arm__core__mpu.a(arm_mpu_regions.c.obj)
 .rodata.transitions.0
                0x00000000000073fc        0xc zephyr/drivers/clock_control/libdrivers__clock_control.a(clock_control_nrf.c.obj)
 .rodata.config
                0x0000000000007408       0x18 zephyr/drivers/clock_control/libdrivers__clock_control.a(clock_control_nrf.c.obj)
 .rodata.clock_control_api
                0x0000000000007420       0x1c zephyr/drivers/clock_control/libdrivers__clock_control.a(clock_control_nrf.c.obj)
 .rodata.gpio_nrfx_p1_cfg
                0x000000000000743c       0x18 zephyr/drivers/gpio/libdrivers__gpio.a(gpio_nrfx.c.obj)
 .rodata.gpio_nrfx_p0_cfg
                0x0000000000007454       0x18 zephyr/drivers/gpio/libdrivers__gpio.a(gpio_nrfx.c.obj)
 .rodata.gpio_nrfx_drv_api_funcs
                0x000000000000746c       0x24 zephyr/drivers/gpio/libdrivers__gpio.a(gpio_nrfx.c.obj)
 .rodata.uarte_0z_config
                0x0000000000007490       0x10 zephyr/drivers/serial/libdrivers__serial.a(uart_nrfx_uarte.c.obj)
 .rodata.__pinctrl_dev_config__device_dts_ord_113
                0x00000000000074a0        0xc zephyr/drivers/serial/libdrivers__serial.a(uart_nrfx_uarte.c.obj)
 .rodata.__pinctrl_states__device_dts_ord_113
                0x00000000000074ac        0x8 zephyr/drivers/serial/libdrivers__serial.a(uart_nrfx_uarte.c.obj)
 .rodata.__pinctrl_state_pins_0__device_dts_ord_113
                0x00000000000074b4       0x10 zephyr/drivers/serial/libdrivers__serial.a(uart_nrfx_uarte.c.obj)
 .rodata.uart_nrfx_uarte_driver_api
                0x00000000000074c4        0xc zephyr/drivers/serial/libdrivers__serial.a(uart_nrfx_uarte.c.obj)
 .rodata.CSWTCH.489
                0x00000000000074d0       0x14 zephyr/kernel/libkernel.a(fatal.c.obj)
 .rodata.levels.0
                0x00000000000074e4       0x18 zephyr/kernel/libkernel.a(init.c.obj)
 .rodata.CSWTCH.10
                0x00000000000074fc       0x1c /home/pedro/ncs/v2.6.1/nrfxlib/crypto/nrf_cc310_platform/lib/cortex-m4/soft-float/no-interrupts/libnrf_cc310_platform_0.9.19.a(nrf_cc3xx_platform.c.obj)
 .rodata.mutex_free.str1.4
                0x0000000000007518       0x26 /home/pedro/ncs/v2.6.1/nrfxlib/crypto/nrf_cc310_platform/lib/cortex-m4/soft-float/no-interrupts/libnrf_cc310_platform_0.9.19.a(nrf_cc3xx_platform_mutex.c.obj)
 *fill*         0x000000000000753e        0x2 
 .rodata.mutex_init.str1.4
                0x0000000000007540       0x23 /home/pedro/ncs/v2.6.1/nrfxlib/crypto/nrf_cc310_platform/lib/cortex-m4/soft-float/no-interrupts/libnrf_cc310_platform_0.9.19.a(nrf_cc3xx_platform_mutex.c.obj)
 *fill*         0x0000000000007563        0x1 
 .rodata.CC_PalPowerSaveModeInit.str1.4
                0x0000000000007564       0x20 /home/pedro/ncs/v2.6.1/nrfxlib/crypto/nrf_cc310_platform/lib/cortex-m4/soft-float/no-interrupts/libnrf_cc310_platform_0.9.19.a(cc_pal_pm.c.obj)
 .rodata.str1.1
                0x0000000000007584        0x7 app/libapp.a(stbs.c.obj)
 .rodata.cbprintf_package_convert.str1.1
                0x000000000000758b       0xa3 zephyr/libzephyr.a(cbprintf_packaged.c.obj)
 .rodata.str1.1
                0x000000000000762e       0x11 zephyr/libzephyr.a(cbprintf_packaged.c.obj)
 .rodata.sys_reboot.str1.1
                0x000000000000763f       0x29 zephyr/libzephyr.a(reboot.c.obj)
 .rodata.enable_logger.str1.1
                0x0000000000007668        0x8 zephyr/libzephyr.a(log_core.c.obj)
 .rodata.str1.1
                0x0000000000007670        0x4 zephyr/libzephyr.a(log_core.c.obj)
 .rodata.str1.1
                0x0000000000007674        0x9 zephyr/libzephyr.a(log_mgmt.c.obj)
 .rodata.z_impl_z_log_msg_static_create.str1.1
                0x000000000000767d       0x3f zephyr/libzephyr.a(log_msg.c.obj)
 .rodata.newline_print.str1.1
                0x00000000000076bc        0x3 zephyr/libzephyr.a(log_output.c.obj)
                                          0x5 (size before relaxing)
 .rodata.log_output_process.str1.1
                0x00000000000076bf       0x4f zephyr/libzephyr.a(log_output.c.obj)
                                         0x51 (size before relaxing)
 .rodata.log_output_dropped_process.str1.1
                0x000000000000770e       0x4f zephyr/libzephyr.a(log_output.c.obj)
                                          0x3 (size before relaxing)
 .rodata.postfix.0
                0x000000000000770e       0x1c zephyr/libzephyr.a(log_output.c.obj)
 .rodata.prefix.1
                0x000000000000772a        0xc zephyr/libzephyr.a(log_output.c.obj)
 .rodata.str1.1
                0x0000000000007736       0x20 zephyr/libzephyr.a(log_output.c.obj)
 .rodata.str1.1
                0x0000000000007756       0x10 zephyr/libzephyr.a(log_backend_rtt.c.obj)
 .rodata.str1.1
                0x0000000000007766       0x1a zephyr/libzephyr.a(log_backend_uart.c.obj)
 .rodata.mutex_free_platform.str1.1
                0x0000000000007780       0x26 zephyr/libzephyr.a(nrf_cc3xx_platform_mutex_zephyr.c.obj)
 .rodata.mutex_init_platform.str1.1
                0x00000000000077a6       0x2d zephyr/libzephyr.a(nrf_cc3xx_platform_mutex_zephyr.c.obj)
 .rodata.z_arm_fatal_error.str1.1
                0x00000000000077d3       0x9b zephyr/arch/arch/arm/core/libarch__arm__core.a(fatal.c.obj)
 .rodata.bus_fault.constprop.0.str1.1
                0x000000000000786e       0xca zephyr/arch/arch/arm/core/cortex_m/libarch__arm__core__cortex_m.a(fault.c.obj)
 .rodata.usage_fault.constprop.0.str1.1
                0x0000000000007938       0xcd zephyr/arch/arch/arm/core/cortex_m/libarch__arm__core__cortex_m.a(fault.c.obj)
 .rodata.mem_manage_fault.str1.1
                0x0000000000007a05       0x96 zephyr/arch/arch/arm/core/cortex_m/libarch__arm__core__cortex_m.a(fault.c.obj)
 .rodata.z_arm_fault.str1.1
                0x0000000000007a9b      0x111 zephyr/arch/arch/arm/core/cortex_m/libarch__arm__core__cortex_m.a(fault.c.obj)
 .rodata.str1.1
                0x0000000000007bac        0x4 zephyr/arch/arch/arm/core/mpu/libarch__arm__core__mpu.a(arm_core_mpu.c.obj)
 .rodata.region_allocate_and_init.str1.1
                0x0000000000007bb0       0x26 zephyr/arch/arch/arm/core/mpu/libarch__arm__core__mpu.a(arm_mpu.c.obj)
 .rodata.mpu_configure_regions.str1.1
                0x0000000000007bd6       0x23 zephyr/arch/arch/arm/core/mpu/libarch__arm__core__mpu.a(arm_mpu.c.obj)
 .rodata.z_arm_mpu_init.str1.1
                0x0000000000007bf9       0x22 zephyr/arch/arch/arm/core/mpu/libarch__arm__core__mpu.a(arm_mpu.c.obj)
 .rodata.str1.1
                0x0000000000007c1b        0xf zephyr/arch/arch/arm/core/mpu/libarch__arm__core__mpu.a(arm_mpu_regions.c.obj)
 .rodata.CSWTCH.5
                0x0000000000007c2a        0x6 zephyr/soc/soc/arm/nordic_nrf/libsoc__arm__nordic_nrf.a(soc.c.obj)
 .rodata.str1.1
                0x0000000000007c30        0x4 zephyr/soc/soc/arm/nordic_nrf/libsoc__arm__nordic_nrf.a(soc.c.obj)
 .rodata.str1.1